ARM Linker, 4.1 [Build 481] [Evaluation]

==============================================================================

Section Cross References

    startup.o(RESET) refers to startup.o(STACK) for __initial_sp
    startup.o(RESET) refers to startup.o(.text) for Reset_Handler
    startup.o(.text) refers to entry.o(.ARM.Collect$$$$00000000) for __main
    main.o(.text) refers to memcpya.o(.text) for __aeabi_memcpy
    main.o(.text) refers to tpm_cmd_handler.o(.text) for tpm_engine_init
    main.o(.text) refers to system.o(.bss) for InOutBuf
    main.o(.text) refers to main.o(.data) for .data
    tpm_cmd_handler.o(.text) refers to uread4.o(.text) for __aeabi_uread4
    tpm_cmd_handler.o(.text) refers to tpm_cmd_handler.o(i.__ARM_common_switch8) for __ARM_common_switch8
    tpm_cmd_handler.o(.text) refers to tpm_data.o(.text) for tpm_init_data
    tpm_cmd_handler.o(.text) refers to tpm_startup.o(.text) for TPM_Init
    tpm_cmd_handler.o(.text) refers to sha1.o(.text) for tpm_sha1_init
    tpm_cmd_handler.o(.text) refers to memcpya.o(.text) for __aeabi_memcpy
    tpm_cmd_handler.o(.text) refers to hmac.o(.text) for tpm_hmac_init
    tpm_cmd_handler.o(.text) refers to tpm_marshalling.o(.text) for tpm_unmarshal_TPM_KEY
    tpm_cmd_handler.o(.text) refers to tpm_owner.o(.text) for TPM_TakeOwnership
    tpm_cmd_handler.o(.text) refers to mallocr.o(i.__malloc$realloc) for malloc
    tpm_cmd_handler.o(.text) refers to mallocr.o(i.__free$realloc) for free
    tpm_cmd_handler.o(.text) refers to tpm_storage.o(.text) for TPM_CreateWrapKey
    tpm_cmd_handler.o(.text) refers to tpm_data.o(.bss) for permanentFlags
    tpm_cmd_handler.o(.text) refers to tpm_data.o(.data) for stclearFlags
    tpm_cmd_handler.o(.text) refers to extend.o(.bss) for ExtendBuf
    tpm_cmd_handler.o(.text) refers to memseta.o(.text) for __aeabi_memclr4
    tpm_cmd_handler.o(.text) refers to tpm_authorization.o(.text) for TPM_OIAP
    tpm_cmd_handler.o(.text) refers to tpm_eviction.o(.text) for TPM_FlushSpecific
    tpm_startup.o(.text) refers to api.o(.text) for get_random
    tpm_startup.o(.text) refers to tpm_data.o(.text) for set_TPM_STANY_DATA_zero
    tpm_startup.o(.text) refers to memseta.o(.text) for __aeabi_memset
    tpm_startup.o(.text) refers to tpm_eviction.o(.text) for TPM_FlushSpecific
    tpm_startup.o(.text) refers to tpm_data.o(.bss) for stanyFlags
    tpm_startup.o(.text) refers to tpm_data.o(.data) for stclearFlags
    tpm_data.o(.text) refers to memcpya.o(.text) for __aeabi_memcpy
    tpm_data.o(.text) refers to api.o(.text) for write_file
    tpm_data.o(.text) refers to memseta.o(.text) for __aeabi_memclr4
    tpm_data.o(.text) refers to main.o(.data) for pInOutBuf
    tpm_data.o(.text) refers to tpm_data.o(.bss) for .bss
    tpm_data.o(.text) refers to tpm_data.o(.data) for .data
    tpm_handles.o(.text) refers to tpm_cmd_handler.o(i.__ARM_common_switch8) for __ARM_common_switch8
    tpm_handles.o(.text) refers to tpm_data.o(.text) for read_TPM_PERMANENT_DATA_srk_payload
    tpm_marshalling.o(.text) refers to uread4.o(.text) for __aeabi_uread4
    tpm_marshalling.o(.text) refers to memcpya.o(.text) for __aeabi_memcpy
    tpm_marshalling.o(.text) refers to uidiv.o(.text) for __aeabi_uidivmod
    tpm_marshalling.o(.text) refers to tpm_cmd_handler.o(i.__ARM_common_switch8) for __ARM_common_switch8
    tpm_authorization.o(.text) refers to tpm_context.o(.text) for tpm_get_free_session
    tpm_authorization.o(.text) refers to tpm_handles.o(.text) for tpm_get_auth
    tpm_authorization.o(.text) refers to api.o(.text) for get_random
    tpm_authorization.o(.text) refers to tpm_data.o(.text) for write_TPM_STANY_DATA_sessions_nonceEven
    tpm_authorization.o(.text) refers to hmac.o(.text) for tpm_hmac_init
    tpm_authorization.o(.text) refers to memcpya.o(.text) for __aeabi_memcpy
    tpm_authorization.o(.text) refers to memcmp.o(.text) for memcmp
    tpm_authorization.o(.text) refers to sha1.o(.text) for tpm_sha1_init
    tpm_authorization.o(.text) refers to tpm_data.o(.bss) for permanentFlags
    tpm_context.o(.text) refers to tpm_data.o(.text) for read_TPM_STANY_DATA_sessions_type
    tpm_eviction.o(.text) refers to tpm_cmd_handler.o(i.__ARM_common_switch8) for __ARM_common_switch8
    tpm_eviction.o(.text) refers to tpm_data.o(.text) for read_TPM_STANY_DATA_contextList
    tpm_eviction.o(.text) refers to tpm_handles.o(.text) for tpm_get_key
    tpm_eviction.o(.text) refers to tpm_context.o(.text) for tpm_invalidate_sessions
    tpm_owner.o(.text) refers to api.o(.text) for rsa_pri
    tpm_owner.o(.text) refers to tpm_data.o(.text) for write_TPM_PERMANENT_DATA_ownerAuth
    tpm_owner.o(.text) refers to tpm_authorization.o(.text) for tpm_verify_auth
    tpm_owner.o(.text) refers to tpm_handles.o(.text) for tpm_get_auth
    tpm_owner.o(.text) refers to memseta.o(.text) for __aeabi_memclr4
    tpm_owner.o(.text) refers to memcpya.o(.text) for __aeabi_memcpy
    tpm_owner.o(.text) refers to mallocr.o(i.__malloc$realloc) for malloc
    tpm_owner.o(.text) refers to mallocr.o(i.realloc) for realloc
    tpm_owner.o(.text) refers to tpm_data.o(.bss) for permanentFlags
    tpm_storage.o(.text) refers to tpm_data.o(.text) for read_TPM_PERMANENT_DATA_keys_payload
    tpm_storage.o(.text) refers to memcpya.o(.text) for __aeabi_memcpy
    tpm_storage.o(.text) refers to api.o(.text) for write_file
    tpm_storage.o(.text) refers to tpm_marshalling.o(.text) for tpm_marshal_TPM_STORE_ASYMKEY
    tpm_storage.o(.text) refers to mallocr.o(i.__malloc$realloc) for malloc
    tpm_storage.o(.text) refers to mallocr.o(i.__free$realloc) for free
    tpm_storage.o(.text) refers to sha1.o(.text) for tpm_sha1_init
    tpm_storage.o(.text) refers to tpm_handles.o(.text) for tpm_get_key
    tpm_storage.o(.text) refers to tpm_authorization.o(.text) for tpm_verify_auth
    tpm_storage.o(.text) refers to memcmp.o(.text) for memcmp
    tpm_storage.o(.text) refers to memmovea.o(.text) for __aeabi_memmove
    tpm_storage.o(.text) refers to extend.o(.bss) for ExtendBuf
    tpm_storage.o(.text) refers to system.o(.bss) for InOutBuf
    tpm_storage.o(.text) refers to memseta.o(.text) for __aeabi_memclr4
    tpm_storage.o(.text) refers to tpm_data.o(.bss) for permanentFlags
    hmac.o(.text) refers to sha1.o(.text) for tpm_sha1_init
    hmac.o(.text) refers to memseta.o(.text) for __aeabi_memclr4
    hmac.o(.text) refers to memcpya.o(.text) for __aeabi_memcpy
    sha1.o(.text) refers to memcpya.o(.text) for __aeabi_memcpy
    sha1.o(.text) refers to memseta.o(.text) for __aeabi_memclr4
    memcpya.o(.text) refers to image_relocation.o(.text) for image_relocation
    memmovea.o(.text) refers to image_relocation.o(.text) for image_relocation
    memmovea.o(.text) refers to memcpya.o(.text) for __aeabi_memcpy
    memcmp.o(.text) refers to image_relocation.o(.text) for image_relocation
    api.o(.text) refers to api.o(.ARM.__AT_0x68001400) for .ARM.__AT_0x68001400
    entry.o(.ARM.Collect$$$$00000000) refers (Special) to entry7.o(.ARM.Collect$$$$00000007) for _main_init
    entry.o(.ARM.Collect$$$$00000000) refers (Special) to entry5.o(.ARM.Collect$$$$00000004) for _main_scatterload
    entry.o(.ARM.Collect$$$$00000000) refers (Special) to entry2.o(.ARM.Collect$$$$00000001) for _main_stk
    malloc.o(i.free) refers to mvars.o(.data) for __microlib_freelist
    malloc.o(i.malloc) refers to mvars.o(.data) for __microlib_freelist_initialised
    malloc.o(i.malloc) refers to mvars.o(.data) for __microlib_freelist
    malloc.o(i.malloc) refers to startup.o(HEAP) for __heap_base
    mallocr.o(i.__free$realloc) refers to mvars.o(.data) for __microlib_freelist
    mallocr.o(i.__malloc$realloc) refers to mallocr.o(i.internal_alloc) for internal_alloc
    mallocr.o(i.__malloc$realloc) refers to startup.o(HEAP) for __heap_base
    mallocr.o(i.__malloc$realloc) refers to mvars.o(.data) for __microlib_freelist
    mallocr.o(i.__malloc$realloc) refers to mvars.o(.data) for __microlib_freelist_initialised
    mallocr.o(i.internal_alloc) refers to memcpya.o(.text) for __aeabi_memcpy
    mallocr.o(i.internal_alloc) refers to mvars.o(.data) for __microlib_freelist
    mallocr.o(i.realloc) refers to mallocr.o(i.__free$realloc) for free
    mallocr.o(i.realloc) refers to mallocr.o(i.internal_alloc) for internal_alloc
    mallocr.o(i.realloc) refers to mallocr.o(i.__malloc$realloc) for malloc
    mallocr.o(i.realloc) refers to mvars.o(.data) for __microlib_freelist
    malloca.o(i.__aligned_malloc) refers to mvars.o(.data) for __microlib_freelist
    malloca.o(i.__aligned_malloc) refers to mvars.o(.data) for __microlib_freelist_initialised
    malloca.o(i.__aligned_malloc) refers to startup.o(HEAP) for __heap_base
    malloca.o(i.__free$memalign) refers to mvars.o(.data) for __microlib_freelist
    malloca.o(i.__malloc$memalign) refers to malloca.o(i.__aligned_malloc) for __aligned_malloc
    mallocra.o(i.__aligned_malloc$realloc) refers to mallocra.o(i.internal_alloc) for internal_alloc
    mallocra.o(i.__aligned_malloc$realloc) refers to mvars.o(.data) for __microlib_freelist_initialised
    mallocra.o(i.__aligned_malloc$realloc) refers to startup.o(HEAP) for __heap_base
    mallocra.o(i.__aligned_malloc$realloc) refers to mvars.o(.data) for __microlib_freelist
    mallocra.o(i.__free$realloc$memalign) refers to mvars.o(.data) for __microlib_freelist
    mallocra.o(i.__malloc$realloc$memalign) refers to mallocra.o(i.__aligned_malloc$realloc) for __aligned_malloc$realloc
    mallocra.o(i.__realloc$memalign) refers to mallocra.o(i.__free$realloc$memalign) for __free$realloc$memalign
    mallocra.o(i.__realloc$memalign) refers to mallocra.o(i.internal_alloc) for internal_alloc
    mallocra.o(i.__realloc$memalign) refers to mallocra.o(i.__malloc$realloc$memalign) for __malloc$realloc$memalign
    mallocra.o(i.__realloc$memalign) refers to mvars.o(.data) for __microlib_freelist
    mallocra.o(i.internal_alloc) refers to memcpya.o(.text) for __aeabi_memcpy
    mallocra.o(i.internal_alloc) refers to mvars.o(.data) for __microlib_freelist
    entry2.o(.ARM.Collect$$$$00000001) refers to entry2.o(.ARM.Collect$$$$00002712) for __lit__00000000
    entry2.o(.ARM.Collect$$$$00002712) refers to startup.o(STACK) for __initial_sp
    entry2.o(__vectab_stack_and_reset_area) refers to startup.o(STACK) for __initial_sp
    entry2.o(__vectab_stack_and_reset_area) refers to entry.o(.ARM.Collect$$$$00000000) for __main
    entry5.o(.ARM.Collect$$$$00000004) refers to init.o(.text) for __scatterload
    entry7.o(.ARM.Collect$$$$00000007) refers to main.o(.text) for main
    init.o(.text) refers to entry5.o(.ARM.Collect$$$$00000004) for __main_after_scatterload


==============================================================================

Image Symbol Table

    Local Symbols

    Symbol Name                              Value     Ov Type        Size  Object(Section)

    RESET                                    0x00000000   Section       64  startup.o(RESET)
    ../../microlib/division.c                0x00000000   Number         0  uidiv.o ABSOLUTE
    ../../microlib/init/entry.s              0x00000000   Number         0  entry7.o ABSOLUTE
    ../../microlib/init/entry.s              0x00000000   Number         0  entry5.o ABSOLUTE
    ../../microlib/init/entry.s              0x00000000   Number         0  entry2.o ABSOLUTE
    ../../microlib/init/entry.s              0x00000000   Number         0  entry.o ABSOLUTE
    ../../microlib/malloc/malloc.c           0x00000000   Number         0  mallocr.o ABSOLUTE
    ../../microlib/malloc/malloc.c           0x00000000   Number         0  mallocra.o ABSOLUTE
    ../../microlib/malloc/malloc.c           0x00000000   Number         0  malloca.o ABSOLUTE
    ../../microlib/malloc/malloc.c           0x00000000   Number         0  malloc.o ABSOLUTE
    ../../microlib/malloc/mvars.c            0x00000000   Number         0  mvars.o ABSOLUTE
    ../../microlib/string/memset.c           0x00000000   Number         0  memseta.o ABSOLUTE
    ../../microlib/unhosted.c                0x00000000   Number         0  uread4.o ABSOLUTE
    Core\startup.s                           0x00000000   Number         0  startup.o ABSOLUTE
    api.c                                    0x00000000   Number         0  api.o ABSOLUTE
    crypto\hmac.c                            0x00000000   Number         0  hmac.o ABSOLUTE
    crypto\sha1.c                            0x00000000   Number         0  sha1.o ABSOLUTE
    dc.s                                     0x00000000   Number         0  dc.o ABSOLUTE
    extend.c                                 0x00000000   Number         0  extend.o ABSOLUTE
    handlers.s                               0x00000000   Number         0  handlers.o ABSOLUTE
    init.s                                   0x00000000   Number         0  init.o ABSOLUTE
    main.c                                   0x00000000   Number         0  main.o ABSOLUTE
    src_codes\app_files\image_relocation.c   0x00000000   Number         0  image_relocation.o ABSOLUTE
    src_codes\app_files\memcmp.c             0x00000000   Number         0  memcmp.o ABSOLUTE
    src_codes\app_files\memcpya.c            0x00000000   Number         0  memcpya.o ABSOLUTE
    src_codes\app_files\memmovea.c           0x00000000   Number         0  memmovea.o ABSOLUTE
    system.c                                 0x00000000   Number         0  system.o ABSOLUTE
    tpm\tpm_authorization.c                  0x00000000   Number         0  tpm_authorization.o ABSOLUTE
    tpm\tpm_cmd_handler.c                    0x00000000   Number         0  tpm_cmd_handler.o ABSOLUTE
    tpm\tpm_context.c                        0x00000000   Number         0  tpm_context.o ABSOLUTE
    tpm\tpm_data.c                           0x00000000   Number         0  tpm_data.o ABSOLUTE
    tpm\tpm_eviction.c                       0x00000000   Number         0  tpm_eviction.o ABSOLUTE
    tpm\tpm_handles.c                        0x00000000   Number         0  tpm_handles.o ABSOLUTE
    tpm\tpm_marshalling.c                    0x00000000   Number         0  tpm_marshalling.o ABSOLUTE
    tpm\tpm_owner.c                          0x00000000   Number         0  tpm_owner.o ABSOLUTE
    tpm\tpm_startup.c                        0x00000000   Number         0  tpm_startup.o ABSOLUTE
    tpm\tpm_storage.c                        0x00000000   Number         0  tpm_storage.o ABSOLUTE
    .ARM.Collect$$$$00000000                 0x00000040   Section        0  entry.o(.ARM.Collect$$$$00000000)
    .ARM.Collect$$$$00000001                 0x00000040   Section        4  entry2.o(.ARM.Collect$$$$00000001)
    .ARM.Collect$$$$00000004                 0x00000044   Section        4  entry5.o(.ARM.Collect$$$$00000004)
    .ARM.Collect$$$$00000007                 0x00000048   Section        8  entry7.o(.ARM.Collect$$$$00000007)
    .ARM.Collect$$$$00002712                 0x00000050   Section        4  entry2.o(.ARM.Collect$$$$00002712)
    __lit__00000000                          0x00000050   Data           4  entry2.o(.ARM.Collect$$$$00002712)
    .text                                    0x00000054   Section       20  startup.o(.text)
    Reset_Handler                            0x00000055   Thumb Code     4  startup.o(.text)
    .text                                    0x00000068   Section        0  main.o(.text)
    .text                                    0x000000d0   Section        0  tpm_cmd_handler.o(.text)
    tpm_marshal_UINT32                       0x000000d1   Thumb Code    52  tpm_cmd_handler.o(.text)
    tpm_unmarshal_UINT32                     0x00000105   Thumb Code    56  tpm_cmd_handler.o(.text)
    tpm_check_status_and_mode                0x000002c3   Thumb Code   294  tpm_cmd_handler.o(.text)
    tpm_setup_rsp_auth                       0x000003e9   Thumb Code   168  tpm_cmd_handler.o(.text)
    execute_TPM_TakeOwnership                0x00000491   Thumb Code   274  tpm_cmd_handler.o(.text)
    execute_TPM_CreateWrapKey                0x000005a3   Thumb Code   230  tpm_cmd_handler.o(.text)
    execute_TPM_GetPubKey                    0x00000689   Thumb Code   182  tpm_cmd_handler.o(.text)
    execute_TPM_UnBind                       0x0000073f   Thumb Code   192  tpm_cmd_handler.o(.text)
    tpm_unmarshal_UINT16                     0x00000a29   Thumb Code    44  tpm_cmd_handler.o(.text)
    tpm_unmarshal_BLOB                       0x00000a55   Thumb Code    42  tpm_cmd_handler.o(.text)
    tpm_setup_error_response                 0x00000a7f   Thumb Code    18  tpm_cmd_handler.o(.text)
    execute_TPM_OSAP                         0x00000a91   Thumb Code   166  tpm_cmd_handler.o(.text)
    execute_TPM_LoadKey                      0x00000b37   Thumb Code   130  tpm_cmd_handler.o(.text)
    execute_TPM_LoadKey2                     0x00000bb9   Thumb Code   120  tpm_cmd_handler.o(.text)
    .text                                    0x00000c30   Section        0  tpm_startup.o(.text)
    .text                                    0x00000d84   Section        0  tpm_data.o(.text)
    .text                                    0x0000194c   Section        0  tpm_handles.o(.text)
    .text                                    0x00001a74   Section        0  tpm_marshalling.o(.text)
    tpm_marshal_UINT32                       0x00001a75   Thumb Code    52  tpm_marshalling.o(.text)
    tpm_unmarshal_UINT32                     0x00001aa9   Thumb Code    56  tpm_marshalling.o(.text)
    tpm_marshal_BLOB                         0x00001ae1   Thumb Code    50  tpm_marshalling.o(.text)
    tpm_unmarshal_BYTE_ARRAY                 0x00001b13   Thumb Code    50  tpm_marshalling.o(.text)
    tpm_marshal_BYTE                         0x00004995   Thumb Code    32  tpm_marshalling.o(.text)
    tpm_unmarshal_BYTE                       0x000049b5   Thumb Code    34  tpm_marshalling.o(.text)
    tpm_marshal_UINT16                       0x000049d7   Thumb Code    40  tpm_marshalling.o(.text)
    tpm_unmarshal_UINT16                     0x000049ff   Thumb Code    44  tpm_marshalling.o(.text)
    tpm_unmarshal_BLOB                       0x00004a2b   Thumb Code    42  tpm_marshalling.o(.text)
    tpm_marshal_BYTE_ARRAY                   0x00004a55   Thumb Code    46  tpm_marshalling.o(.text)
    tpm_marshal_BOOL                         0x00004a83   Thumb Code    36  tpm_marshalling.o(.text)
    tpm_unmarshal_BOOL                       0x00004aa7   Thumb Code    40  tpm_marshalling.o(.text)
    .text                                    0x00004ad4   Section        0  tpm_authorization.o(.text)
    .text                                    0x00004d50   Section        0  tpm_context.o(.text)
    .text                                    0x00004db8   Section        0  tpm_eviction.o(.text)
    .text                                    0x00004e58   Section        0  tpm_owner.o(.text)
    .text                                    0x00005008   Section        0  tpm_storage.o(.text)
    .text                                    0x000056f8   Section        0  hmac.o(.text)
    .text                                    0x000057b4   Section        0  sha1.o(.text)
    tpm_sha1_transform                       0x000057b5   Thumb Code  4024  sha1.o(.text)
    .text                                    0x000068b8   Section        0  memcpya.o(.text)
    .text                                    0x000068dc   Section        0  memmovea.o(.text)
    .text                                    0x0000691a   Section        0  memcmp.o(.text)
    .text                                    0x00006954   Section        0  api.o(.text)
    .text                                    0x00006bbc   Section        0  image_relocation.o(.text)
    .text                                    0x00006bd0   Section        0  uidiv.o(.text)
    .text                                    0x00006bfc   Section        0  memseta.o(.text)
    .text                                    0x00006c22   Section        0  uread4.o(.text)
    .text                                    0x00006c38   Section       36  init.o(.text)
    i.__ARM_common_switch8                   0x00006c5c   Section        0  tpm_cmd_handler.o(i.__ARM_common_switch8)
    i.__free$realloc                         0x00006c78   Section        0  mallocr.o(i.__free$realloc)
    i.__malloc$realloc                       0x00006cdc   Section        0  mallocr.o(i.__malloc$realloc)
    i.__scatterload_copy                     0x00006d24   Section       14  handlers.o(i.__scatterload_copy)
    i.__scatterload_null                     0x00006d32   Section        2  handlers.o(i.__scatterload_null)
    i.__scatterload_zeroinit                 0x00006d34   Section       14  handlers.o(i.__scatterload_zeroinit)
    i.internal_alloc                         0x00006d44   Section        0  mallocr.o(i.internal_alloc)
    internal_alloc                           0x00006d45   Thumb Code    66  mallocr.o(i.internal_alloc)
    i.realloc                                0x00006d8c   Section        0  mallocr.o(i.realloc)
    .bss                                     0x68000000   Section     1024  system.o(.bss)
    .data                                    0x68000400   Section        8  main.o(.data)
    .data                                    0x68000408   Section        8  tpm_data.o(.data)
    .data                                    0x68000410   Section        4  mvars.o(.data)
    .data                                    0x68000414   Section        4  mvars.o(.data)
    .bss                                     0x68000418   Section       40  tpm_data.o(.bss)
    HEAP                                     0x68000440   Section        0  startup.o(HEAP)
    STACK                                    0x68000440   Section     1792  startup.o(STACK)
    .bss                                     0x68000c00   Section     1024  extend.o(.bss)
    .ARM.__AT_0x68001400                     0x68001400   Section       20  api.o(.ARM.__AT_0x68001400)

    Global Symbols

    Symbol Name                              Value     Ov Type        Size  Object(Section)

    BuildAttributes$$THM_ISAv3M$S$PE$A:L22$X:L11$S22$IEEE1$IW$USESV6$~STKCKD$USESV7$~SHL$OSPACE$EBA8$MICROLIB$REQ8$PRES8$EABIv2 0x00000000   Number         0  anon$$obj.o ABSOLUTE
    __ARM_use_no_argv                        0x00000000   Number         0  main.o ABSOLUTE
    __Vectors                                0x00000000   Data           0  startup.o(RESET)
    __decompress                              - Undefined Weak Reference
    __main                                   0x00000041   Thumb Code     0  entry.o(.ARM.Collect$$$$00000000)
    _main_stk                                0x00000041   Thumb Code     0  entry2.o(.ARM.Collect$$$$00000001)
    _main_scatterload                        0x00000045   Thumb Code     0  entry5.o(.ARM.Collect$$$$00000004)
    __main_after_scatterload                 0x00000049   Thumb Code     0  entry5.o(.ARM.Collect$$$$00000004)
    _main_init                               0x00000049   Thumb Code     0  entry7.o(.ARM.Collect$$$$00000007)
    NMI_Handler                              0x00000059   Thumb Code     2  startup.o(.text)
    HardFault_Handler                        0x0000005b   Thumb Code     2  startup.o(.text)
    SVC_Handler                              0x0000005d   Thumb Code     2  startup.o(.text)
    PendSV_Handler                           0x0000005f   Thumb Code     2  startup.o(.text)
    SysTick_Handler                          0x00000061   Thumb Code     2  startup.o(.text)
    main                                     0x00000069   Thumb Code    96  main.o(.text)
    tpm_get_in_param_offset                  0x0000013d   Thumb Code   146  tpm_cmd_handler.o(.text)
    tpm_get_out_param_offset                 0x000001cf   Thumb Code    32  tpm_cmd_handler.o(.text)
    tpm_engine_first_time                    0x000001ef   Thumb Code    22  tpm_cmd_handler.o(.text)
    tpm_engine_init                          0x00000205   Thumb Code     8  tpm_cmd_handler.o(.text)
    tpm_engine_final                         0x0000020d   Thumb Code     8  tpm_cmd_handler.o(.text)
    tpm_emulator_shutdown                    0x00000215   Thumb Code    16  tpm_cmd_handler.o(.text)
    tpm_compute_in_param_digest              0x00000225   Thumb Code    76  tpm_cmd_handler.o(.text)
    tpm_compute_out_param_digest             0x00000271   Thumb Code    82  tpm_cmd_handler.o(.text)
    tpm_execute_command                      0x000007ff   Thumb Code   482  tpm_cmd_handler.o(.text)
    tpm_handle_command                       0x000009e1   Thumb Code    72  tpm_cmd_handler.o(.text)
    set_nonce_rand                           0x00000c31   Thumb Code    10  tpm_startup.o(.text)
    TPM_Startup                              0x00000c3b   Thumb Code   276  tpm_startup.o(.text)
    TPM_Init                                 0x00000d4f   Thumb Code    12  tpm_startup.o(.text)
    TPM_SaveState                            0x00000d5b   Thumb Code    28  tpm_startup.o(.text)
    debug                                    0x00000d85   Thumb Code    80  tpm_data.o(.text)
    debug_stany_flags                        0x00000dd5   Thumb Code    50  tpm_data.o(.text)
    write_TPM_PERMANENT_DATA                 0x00000e07   Thumb Code   160  tpm_data.o(.text)
    write_TPM_PERMANENT_DATA_nvStorage       0x00000ea7   Thumb Code    14  tpm_data.o(.text)
    write_TPM_PERMANENT_DATA_nvDataSize      0x00000eb5   Thumb Code    14  tpm_data.o(.text)
    write_TPM_PERMANENT_DATA_nvData_Stuff    0x00000ec3   Thumb Code    72  tpm_data.o(.text)
    write_TPM_PERMANENT_DATA_cmd_durations   0x00000f0b   Thumb Code     8  tpm_data.o(.text)
    write_TPM_PERMANENT_DATA_tis_timeouts    0x00000f13   Thumb Code    10  tpm_data.o(.text)
    read_TPM_STANY_FLAGS                     0x00000f1d   Thumb Code    34  tpm_data.o(.text)
    read_TPM_STCLEAR_FLAGS                   0x00000f3f   Thumb Code    34  tpm_data.o(.text)
    read_TPM_PERMANENT_FLAGS                 0x00000f61   Thumb Code    34  tpm_data.o(.text)
    restore_flags                            0x00000f83   Thumb Code    40  tpm_data.o(.text)
    write_TPM_STANY_FLAGS                    0x00000fab   Thumb Code    36  tpm_data.o(.text)
    write_TPM_STCLEAR_FLAGS                  0x00000fcf   Thumb Code    36  tpm_data.o(.text)
    write_TPM_PERMANENT_FLAGS                0x00000ff3   Thumb Code    36  tpm_data.o(.text)
    save_flags                               0x00001017   Thumb Code    40  tpm_data.o(.text)
    set_permanent_flags                      0x0000103f   Thumb Code    32  tpm_data.o(.text)
    write_TPM_PERMANENT_DATA_keys_pubkeyFileid 0x0000105f   Thumb Code    22  tpm_data.o(.text)
    write_TPM_PERMANENT_DATA_keys_keyFileid  0x00001075   Thumb Code    24  tpm_data.o(.text)
    write_TPM_PERMANENT_DATA_keys_zero       0x0000108d   Thumb Code    38  tpm_data.o(.text)
    write_TPM_PERMANENT_DATA_ekReset         0x000010b3   Thumb Code     8  tpm_data.o(.text)
    write_TPM_PERMANENT_DATA_tpmDAASeed      0x000010bb   Thumb Code     8  tpm_data.o(.text)
    write_TPM_PERMANENT_DATA_ekFileid        0x000010c3   Thumb Code    14  tpm_data.o(.text)
    write_TPM_PERMANENT_DATA_pcrAttrib       0x000010d1   Thumb Code    10  tpm_data.o(.text)
    write_TPM_PERMANENT_DATA_rngState        0x000010db   Thumb Code     8  tpm_data.o(.text)
    write_TPM_PERMANENT_DATA_version         0x000010e3   Thumb Code     8  tpm_data.o(.text)
    write_TPM_PERMANENT_DATA_tag             0x000010eb   Thumb Code    14  tpm_data.o(.text)
    tpm_init_data                            0x000010f9   Thumb Code   410  tpm_data.o(.text)
    delete_tpmdata_files                     0x00001293   Thumb Code   154  tpm_data.o(.text)
    create_tpmdata_files                     0x0000132d   Thumb Code   290  tpm_data.o(.text)
    read_TPM_PERMANENT_DATA                  0x0000144f   Thumb Code   154  tpm_data.o(.text)
    read_TPM_PERMANENT_DATA_tag              0x000014e9   Thumb Code    18  tpm_data.o(.text)
    read_TPM_PERMANENT_DATA_version          0x000014fb   Thumb Code     8  tpm_data.o(.text)
    write_TPM_PERMANENT_DATA_tpmProof        0x00001503   Thumb Code    14  tpm_data.o(.text)
    read_TPM_PERMANENT_DATA_tpmProof         0x00001511   Thumb Code     8  tpm_data.o(.text)
    write_TPM_PERMANENT_DATA_daaProof        0x00001519   Thumb Code    14  tpm_data.o(.text)
    read_TPM_PERMANENT_DATA_counters_valid   0x00001527   Thumb Code    26  tpm_data.o(.text)
    read_TPM_PERMANENT_DATA_counters_usageAuth 0x00001541   Thumb Code    14  tpm_data.o(.text)
    write_TPM_PERMANENT_DATA_ownerAuth       0x0000154f   Thumb Code    14  tpm_data.o(.text)
    read_TPM_PERMANENT_DATA_ownerAuth        0x0000155d   Thumb Code     8  tpm_data.o(.text)
    write_TPM_PERMANENT_DATA_srk             0x00001565   Thumb Code    14  tpm_data.o(.text)
    read_TPM_PERMANENT_DATA_srk              0x00001573   Thumb Code     8  tpm_data.o(.text)
    read_TPM_PERMANENT_DATA_srk_usageAuth    0x0000157b   Thumb Code     8  tpm_data.o(.text)
    read_TPM_PERMANENT_DATA_srk_payload      0x00001583   Thumb Code    18  tpm_data.o(.text)
    read_TPM_PERMANENT_DATA_rngState         0x00001595   Thumb Code     8  tpm_data.o(.text)
    write_TPM_PERMANENT_DATA_keys            0x0000159d   Thumb Code    22  tpm_data.o(.text)
    read_TPM_PERMANENT_DATA_keys             0x000015b3   Thumb Code    16  tpm_data.o(.text)
    write_TPM_PERMANENT_DATA_keys_payload    0x000015c3   Thumb Code    62  tpm_data.o(.text)
    read_TPM_PERMANENT_DATA_keys_payload     0x00001601   Thumb Code    26  tpm_data.o(.text)
    read_TPM_PERMANENT_DATA_keys_keyFileid   0x0000161b   Thumb Code    28  tpm_data.o(.text)
    read_TPM_PERMANENT_DATA_keys_pubkeyFileid 0x00001637   Thumb Code    28  tpm_data.o(.text)
    read_TPM_PERMANENT_DATA_keys_keyControl  0x00001653   Thumb Code    26  tpm_data.o(.text)
    read_TPM_PERMANENT_DATA_keys_usageAuth   0x0000166d   Thumb Code    16  tpm_data.o(.text)
    read_TPM_PERMANENT_DATA_pcrAttrib        0x0000167d   Thumb Code    10  tpm_data.o(.text)
    read_TPM_PERMANENT_DATA_ekFileid         0x00001687   Thumb Code    18  tpm_data.o(.text)
    write_TPM_PERMANENT_DATA_contextKey      0x00001699   Thumb Code    16  tpm_data.o(.text)
    write_TPM_PERMANENT_DATA_delegateKey     0x000016a9   Thumb Code    16  tpm_data.o(.text)
    write_TPM_PERMANENT_DATA_daaKey          0x000016b9   Thumb Code    16  tpm_data.o(.text)
    write_TPM_PERMANENT_DATA_nvData          0x000016c9   Thumb Code    18  tpm_data.o(.text)
    write_TPM_PERMANENT_DATA_pcrValue        0x000016db   Thumb Code    22  tpm_data.o(.text)
    write_TPM_STCLEAR_DATA                   0x000016f1   Thumb Code    34  tpm_data.o(.text)
    write_TPM_STCLEAR_DATA_tag               0x00001713   Thumb Code    14  tpm_data.o(.text)
    write_TPM_STCLEAR_DATA_contextNonceKey   0x00001721   Thumb Code     8  tpm_data.o(.text)
    write_TPM_STCLEAR_DATA_countID           0x00001729   Thumb Code    14  tpm_data.o(.text)
    set_TPM_STCLEAR_DATA_zero                0x00001737   Thumb Code    26  tpm_data.o(.text)
    read_TPM_STANY_DATA                      0x00001751   Thumb Code    34  tpm_data.o(.text)
    write_TPM_STANY_DATA                     0x00001773   Thumb Code    36  tpm_data.o(.text)
    set_TPM_STANY_DATA_zero                  0x00001797   Thumb Code    62  tpm_data.o(.text)
    write_TPM_STANY_DATA_tag                 0x000017d5   Thumb Code    14  tpm_data.o(.text)
    write_TPM_STANY_DATA_contextNonceSession 0x000017e3   Thumb Code     8  tpm_data.o(.text)
    write_TPM_STANY_DATA_sessionsDAA         0x000017eb   Thumb Code    16  tpm_data.o(.text)
    write_TPM_STANY_DATA_sessionsDAA_zero    0x000017fb   Thumb Code    32  tpm_data.o(.text)
    read_TPM_STANY_DATA_sessionsDAA_type     0x0000181b   Thumb Code    28  tpm_data.o(.text)
    write_TPM_STANY_DATA_sessions            0x00001837   Thumb Code    10  tpm_data.o(.text)
    read_TPM_STANY_DATA_sessions             0x00001841   Thumb Code    10  tpm_data.o(.text)
    read_TPM_STANY_DATA_sessions_type        0x0000184b   Thumb Code    24  tpm_data.o(.text)
    write_TPM_STANY_DATA_sessions_type       0x00001863   Thumb Code    20  tpm_data.o(.text)
    write_TPM_STANY_DATA_sessions_entityType 0x00001877   Thumb Code    20  tpm_data.o(.text)
    write_TPM_STANY_DATA_sessions_handle     0x0000188b   Thumb Code    20  tpm_data.o(.text)
    read_TPM_STANY_DATA_sessions_handle      0x0000189f   Thumb Code    22  tpm_data.o(.text)
    write_TPM_STANY_DATA_sessions_nonceEven  0x000018b5   Thumb Code    12  tpm_data.o(.text)
    write_TPM_STANY_DATA_sessions_sharedSecret 0x000018c1   Thumb Code    12  tpm_data.o(.text)
    write_TPM_STANY_DATA_sessions_zero       0x000018cd   Thumb Code    26  tpm_data.o(.text)
    write_TPM_STANY_DATA_contextList         0x000018e7   Thumb Code    18  tpm_data.o(.text)
    read_TPM_STANY_DATA_contextList          0x000018f9   Thumb Code    20  tpm_data.o(.text)
    write_TPM_STANY_DATA_currentDAA          0x0000190d   Thumb Code    16  tpm_data.o(.text)
    read_TPM_STANY_DATA_currentDAA           0x0000191d   Thumb Code    18  tpm_data.o(.text)
    read_TPM_STANY_DATA_transExclusive       0x0000192f   Thumb Code    18  tpm_data.o(.text)
    tpm_get_key_slot                         0x0000194d   Thumb Code    18  tpm_handles.o(.text)
    tpm_get_session_slot                     0x0000195f   Thumb Code    18  tpm_handles.o(.text)
    tpm_get_daa_slot                         0x00001971   Thumb Code    16  tpm_handles.o(.text)
    tpm_get_key                              0x00001981   Thumb Code    72  tpm_handles.o(.text)
    tpm_get_auth                             0x000019c9   Thumb Code    48  tpm_handles.o(.text)
    tpm_get_transport                        0x000019f9   Thumb Code    40  tpm_handles.o(.text)
    tpm_get_counter                          0x00001a21   Thumb Code    40  tpm_handles.o(.text)
    tpm_get_daa                              0x00001a49   Thumb Code    38  tpm_handles.o(.text)
    tpm_marshal_UINT32_ARRAY                 0x00001b45   Thumb Code    48  tpm_marshalling.o(.text)
    tpm_unmarshal_UINT32_ARRAY               0x00001b75   Thumb Code    46  tpm_marshalling.o(.text)
    tpm_marshal_TPM_STRUCT_VER               0x00001ba3   Thumb Code    66  tpm_marshalling.o(.text)
    tpm_unmarshal_TPM_STRUCT_VER             0x00001be5   Thumb Code    64  tpm_marshalling.o(.text)
    tpm_marshal_TPM_VERSION                  0x00001c25   Thumb Code    66  tpm_marshalling.o(.text)
    tpm_unmarshal_TPM_VERSION                0x00001c67   Thumb Code    64  tpm_marshalling.o(.text)
    tpm_marshal_TPM_DIGEST                   0x00001ca7   Thumb Code    18  tpm_marshalling.o(.text)
    tpm_unmarshal_TPM_DIGEST                 0x00001cb9   Thumb Code    18  tpm_marshalling.o(.text)
    tpm_marshal_TPM_PCRVALUE_ARRAY           0x00001ccb   Thumb Code    48  tpm_marshalling.o(.text)
    tpm_unmarshal_TPM_PCRVALUE_ARRAY         0x00001cfb   Thumb Code    48  tpm_marshalling.o(.text)
    tpm_marshal_TPM_NONCE                    0x00001d2b   Thumb Code    18  tpm_marshalling.o(.text)
    tpm_unmarshal_TPM_NONCE                  0x00001d3d   Thumb Code    18  tpm_marshalling.o(.text)
    tpm_marshal_TPM_AUTHDATA                 0x00001d4f   Thumb Code    44  tpm_marshalling.o(.text)
    tpm_unmarshal_TPM_AUTHDATA               0x00001d7b   Thumb Code    44  tpm_marshalling.o(.text)
    tpm_marshal_TPM_AUTH                     0x00001da7   Thumb Code    56  tpm_marshalling.o(.text)
    tpm_unmarshal_TPM_AUTH                   0x00001ddf   Thumb Code    70  tpm_marshalling.o(.text)
    tpm_marshal_TPM_KEY_HANDLE_LIST          0x00001e25   Thumb Code    40  tpm_marshalling.o(.text)
    tpm_marshal_TPM_CHANGEAUTH_VALIDATE      0x00001e4d   Thumb Code    38  tpm_marshalling.o(.text)
    tpm_unmarshal_TPM_CHANGEAUTH_VALIDATE    0x00001e73   Thumb Code    38  tpm_marshalling.o(.text)
    tpm_marshal_TPM_COUNTER_VALUE            0x00001e99   Thumb Code    54  tpm_marshalling.o(.text)
    tpm_unmarshal_TPM_COUNTER_VALUE          0x00001ecf   Thumb Code    54  tpm_marshalling.o(.text)
    tpm_marshal_TPM_PCR_SELECTION            0x00001f05   Thumb Code    44  tpm_marshalling.o(.text)
    tpm_unmarshal_TPM_PCR_SELECTION          0x00001f31   Thumb Code    42  tpm_marshalling.o(.text)
    tpm_marshal_TPM_PCR_COMPOSITE            0x00001f5b   Thumb Code    70  tpm_marshalling.o(.text)
    tpm_unmarshal_TPM_PCR_COMPOSITE          0x00001fa1   Thumb Code    72  tpm_marshalling.o(.text)
    tpm_marshal_TPM_PCR_INFO                 0x00001fe9   Thumb Code   158  tpm_marshalling.o(.text)
    tpm_unmarshal_TPM_PCR_INFO               0x00002087   Thumb Code   204  tpm_marshalling.o(.text)
    tpm_marshal_TPM_PCR_INFO_SHORT           0x00002153   Thumb Code    50  tpm_marshalling.o(.text)
    tpm_unmarshal_TPM_PCR_INFO_SHORT         0x00002185   Thumb Code    50  tpm_marshalling.o(.text)
    tpm_marshal_TPM_PCR_ATTRIBUTES           0x000021b7   Thumb Code    52  tpm_marshalling.o(.text)
    tpm_unmarshal_TPM_PCR_ATTRIBUTES         0x000021eb   Thumb Code    50  tpm_marshalling.o(.text)
    tpm_marshal_TPM_STORED_DATA              0x0000221d   Thumb Code   104  tpm_marshalling.o(.text)
    tpm_unmarshal_TPM_STORED_DATA            0x00002285   Thumb Code   106  tpm_marshalling.o(.text)
    tpm_marshal_TPM_SEALED_DATA              0x000022ef   Thumb Code   100  tpm_marshalling.o(.text)
    tpm_unmarshal_TPM_SEALED_DATA            0x00002353   Thumb Code   102  tpm_marshalling.o(.text)
    tpm_marshal_TPM_SYMMETRIC_KEY            0x000023b9   Thumb Code    68  tpm_marshalling.o(.text)
    tpm_unmarshal_TPM_SYMMETRIC_KEY          0x000023fd   Thumb Code    68  tpm_marshalling.o(.text)
    tpm_marshal_TPM_SYMMETRIC_KEY_PARMS      0x00002441   Thumb Code    68  tpm_marshalling.o(.text)
    tpm_unmarshal_TPM_SYMMETRIC_KEY_PARMS    0x00002485   Thumb Code    70  tpm_marshalling.o(.text)
    tpm_marshal_TPM_RSA_KEY_PARMS            0x000024cb   Thumb Code    68  tpm_marshalling.o(.text)
    tpm_unmarshal_TPM_RSA_KEY_PARMS          0x0000250f   Thumb Code    70  tpm_marshalling.o(.text)
    tpm_marshal_TPM_KEY_PARMS                0x00002555   Thumb Code   126  tpm_marshalling.o(.text)
    tpm_unmarshal_TPM_KEY_PARMS              0x000025d3   Thumb Code   124  tpm_marshalling.o(.text)
    tpm_marshal_TPM_STORE_PUBKEY             0x0000264f   Thumb Code    40  tpm_marshalling.o(.text)
    tpm_unmarshal_TPM_STORE_PUBKEY           0x00002677   Thumb Code    38  tpm_marshalling.o(.text)
    tpm_marshal_TPM_KEY                      0x0000269d   Thumb Code   178  tpm_marshalling.o(.text)
    tpm_unmarshal_TPM_KEY                    0x0000274f   Thumb Code   186  tpm_marshalling.o(.text)
    tpm_marshal_TPM_PUBKEY                   0x00002809   Thumb Code    38  tpm_marshalling.o(.text)
    tpm_unmarshal_TPM_PUBKEY                 0x0000282f   Thumb Code    38  tpm_marshalling.o(.text)
    tpm_marshal_TPM_STORE_PRIVKEY            0x00002855   Thumb Code    40  tpm_marshalling.o(.text)
    tpm_unmarshal_TPM_STORE_PRIVKEY          0x0000287d   Thumb Code    38  tpm_marshalling.o(.text)
    tpm_marshal_TPM_STORE_ASYMKEY            0x000028a3   Thumb Code    86  tpm_marshalling.o(.text)
    tpm_unmarshal_TPM_STORE_ASYMKEY          0x000028f9   Thumb Code    84  tpm_marshalling.o(.text)
    tpm_marshal_TPM_MIGRATIONKEYAUTH         0x0000294d   Thumb Code    52  tpm_marshalling.o(.text)
    tpm_unmarshal_TPM_MIGRATIONKEYAUTH       0x00002981   Thumb Code    54  tpm_marshalling.o(.text)
    tpm_marshal_TPM_CERTIFY_INFO             0x000029b7   Thumb Code   248  tpm_marshalling.o(.text)
    tpm_unmarshal_TPM_CERTIFY_INFO           0x00002aaf   Thumb Code   260  tpm_marshalling.o(.text)
    tpm_marshal_TPM_IDENTITY_CONTENTS        0x00002bb3   Thumb Code    68  tpm_marshalling.o(.text)
    tpm_unmarshal_TPM_IDENTITY_CONTENTS      0x00002bf7   Thumb Code    68  tpm_marshalling.o(.text)
    tpm_marshal_TPM_CURRENT_TICKS            0x00002c3b   Thumb Code    68  tpm_marshalling.o(.text)
    tpm_unmarshal_TPM_CURRENT_TICKS          0x00002c7f   Thumb Code    68  tpm_marshalling.o(.text)
    tpm_marshal_TPM_TRANSPORT_PUBLIC         0x00002cc3   Thumb Code    66  tpm_marshalling.o(.text)
    tpm_unmarshal_TPM_TRANSPORT_PUBLIC       0x00002d05   Thumb Code    68  tpm_marshalling.o(.text)
    tpm_marshal_TPM_TRANSPORT_INTERNAL       0x00002d49   Thumb Code   100  tpm_marshalling.o(.text)
    tpm_unmarshal_TPM_TRANSPORT_INTERNAL     0x00002dad   Thumb Code   100  tpm_marshalling.o(.text)
    tpm_marshal_TPM_CONTEXT_BLOB             0x00002e11   Thumb Code   160  tpm_marshalling.o(.text)
    tpm_unmarshal_TPM_CONTEXT_BLOB           0x00002eb1   Thumb Code   170  tpm_marshalling.o(.text)
    tpm_marshal_TPM_DAA_BLOB                 0x00002f5b   Thumb Code   132  tpm_marshalling.o(.text)
    tpm_unmarshal_TPM_DAA_BLOB               0x00002fdf   Thumb Code   138  tpm_marshalling.o(.text)
    tpm_marshal_TPM_DAA_SENSITIVE            0x00003069   Thumb Code    54  tpm_marshalling.o(.text)
    tpm_unmarshal_TPM_DAA_SENSITIVE          0x0000309f   Thumb Code    52  tpm_marshalling.o(.text)
    tpm_marshal_TPM_DAA_ISSUER               0x000030d3   Thumb Code   136  tpm_marshalling.o(.text)
    tpm_unmarshal_TPM_DAA_ISSUER             0x0000315b   Thumb Code   134  tpm_marshalling.o(.text)
    tpm_marshal_TPM_DAA_TPM                  0x000031e1   Thumb Code   100  tpm_marshalling.o(.text)
    tpm_unmarshal_TPM_DAA_TPM                0x00003245   Thumb Code   100  tpm_marshalling.o(.text)
    tpm_marshal_TPM_DAA_CONTEXT              0x000032a9   Thumb Code   108  tpm_marshalling.o(.text)
    tpm_unmarshal_TPM_DAA_CONTEXT            0x00003315   Thumb Code   106  tpm_marshalling.o(.text)
    tpm_marshal_TPM_DAA_JOINDATA             0x0000337f   Thumb Code    60  tpm_marshalling.o(.text)
    tpm_unmarshal_TPM_DAA_JOINDATA           0x000033bb   Thumb Code    60  tpm_marshalling.o(.text)
    tpm_marshal_TPM_DAA_SESSION_DATA         0x000033f7   Thumb Code   108  tpm_marshalling.o(.text)
    tpm_unmarshal_TPM_DAA_SESSION_DATA       0x00003463   Thumb Code   104  tpm_marshalling.o(.text)
    tpm_marshal_TPM_MSA_COMPOSITE            0x000034cb   Thumb Code    62  tpm_marshalling.o(.text)
    tpm_unmarshal_TPM_MSA_COMPOSITE          0x00003509   Thumb Code    66  tpm_marshalling.o(.text)
    tpm_marshal_TPM_CMK_AUTH                 0x0000354b   Thumb Code    54  tpm_marshalling.o(.text)
    tpm_unmarshal_TPM_CMK_AUTH               0x00003581   Thumb Code    54  tpm_marshalling.o(.text)
    tpm_marshal_TPM_SELECT_SIZE              0x000035b7   Thumb Code    52  tpm_marshalling.o(.text)
    tpm_unmarshal_TPM_SELECT_SIZE            0x000035eb   Thumb Code    50  tpm_marshalling.o(.text)
    tpm_marshal_TPM_CAP_VERSION_INFO         0x0000361d   Thumb Code   152  tpm_marshalling.o(.text)
    tpm_unmarshal_TPM_CAP_VERSION_INFO       0x000036b5   Thumb Code   164  tpm_marshalling.o(.text)
    tpm_marshal_TPM_ASYM_CA_CONTENTS         0x00003759   Thumb Code    38  tpm_marshalling.o(.text)
    tpm_unmarshal_TPM_ASYM_CA_CONTENTS       0x0000377f   Thumb Code    38  tpm_marshalling.o(.text)
    tpm_marshal_TPM_QUOTE_INFO2              0x000037a5   Thumb Code   110  tpm_marshalling.o(.text)
    tpm_unmarshal_TPM_QUOTE_INFO2            0x00003813   Thumb Code   108  tpm_marshalling.o(.text)
    tpm_marshal_TPM_EK_BLOB                  0x0000387f   Thumb Code    68  tpm_marshalling.o(.text)
    tpm_unmarshal_TPM_EK_BLOB                0x000038c3   Thumb Code    68  tpm_marshalling.o(.text)
    tpm_marshal_TPM_EK_BLOB_ACTIVATE         0x00003907   Thumb Code    70  tpm_marshalling.o(.text)
    tpm_unmarshal_TPM_EK_BLOB_ACTIVATE       0x0000394d   Thumb Code    68  tpm_marshalling.o(.text)
    tpm_marshal_TPM_NV_ATTRIBUTES            0x00003991   Thumb Code    38  tpm_marshalling.o(.text)
    tpm_unmarshal_TPM_NV_ATTRIBUTES          0x000039b7   Thumb Code    36  tpm_marshalling.o(.text)
    tpm_marshal_TPM_NV_DATA_PUBLIC           0x000039db   Thumb Code   144  tpm_marshalling.o(.text)
    tpm_unmarshal_TPM_NV_DATA_PUBLIC         0x00003a6b   Thumb Code   148  tpm_marshalling.o(.text)
    tpm_marshal_TPM_NV_DATA_SENSITIVE        0x00003aff   Thumb Code    68  tpm_marshalling.o(.text)
    tpm_unmarshal_TPM_NV_DATA_SENSITIVE      0x00003b43   Thumb Code    68  tpm_marshalling.o(.text)
    tpm_marshal_TPM_DELEGATIONS              0x00003b87   Thumb Code    66  tpm_marshalling.o(.text)
    tpm_unmarshal_TPM_DELEGATIONS            0x00003bc9   Thumb Code    68  tpm_marshalling.o(.text)
    tpm_marshal_TPM_FAMILY_LABEL             0x00003c0d   Thumb Code    18  tpm_marshalling.o(.text)
    tpm_unmarshal_TPM_FAMILY_LABEL           0x00003c1f   Thumb Code    16  tpm_marshalling.o(.text)
    tpm_marshal_TPM_FAMILY_TABLE_ENTRY       0x00003c2f   Thumb Code    80  tpm_marshalling.o(.text)
    tpm_unmarshal_TPM_FAMILY_TABLE_ENTRY     0x00003c7f   Thumb Code    82  tpm_marshalling.o(.text)
    tpm_marshal_TPM_DELEGATE_LABEL           0x00003cd1   Thumb Code    18  tpm_marshalling.o(.text)
    tpm_unmarshal_TPM_DELEGATE_LABEL         0x00003ce3   Thumb Code    16  tpm_marshalling.o(.text)
    tpm_marshal_TPM_DELEGATE_PUBLIC          0x00003cf3   Thumb Code    96  tpm_marshalling.o(.text)
    tpm_unmarshal_TPM_DELEGATE_PUBLIC        0x00003d53   Thumb Code    98  tpm_marshalling.o(.text)
    tpm_marshal_TPM_DELEGATE_PUBLIC_ARRAY    0x00003db5   Thumb Code    50  tpm_marshalling.o(.text)
    tpm_unmarshal_TPM_DELEGATE_PUBLIC_ARRAY  0x00003de7   Thumb Code    48  tpm_marshalling.o(.text)
    tpm_marshal_TPM_DELEGATE_TABLE_ROW       0x00003e17   Thumb Code    54  tpm_marshalling.o(.text)
    tpm_unmarshal_TPM_DELEGATE_TABLE_ROW     0x00003e4d   Thumb Code    52  tpm_marshalling.o(.text)
    tpm_marshal_TPM_DELEGATE_SENSITIVE       0x00003e81   Thumb Code    38  tpm_marshalling.o(.text)
    tpm_unmarshal_TPM_DELEGATE_SENSITIVE     0x00003ea7   Thumb Code    36  tpm_marshalling.o(.text)
    tpm_marshal_TPM_DELEGATE_OWNER_BLOB      0x00003ecb   Thumb Code   114  tpm_marshalling.o(.text)
    tpm_unmarshal_TPM_DELEGATE_OWNER_BLOB    0x00003f3d   Thumb Code   120  tpm_marshalling.o(.text)
    tpm_marshal_TPM_DELEGATE_KEY_BLOB        0x00003fb5   Thumb Code   130  tpm_marshalling.o(.text)
    tpm_unmarshal_TPM_DELEGATE_KEY_BLOB      0x00004037   Thumb Code   136  tpm_marshalling.o(.text)
    tpm_marshal_TPM_PERMANENT_FLAGS          0x000040bf   Thumb Code   308  tpm_marshalling.o(.text)
    tpm_unmarshal_TPM_PERMANENT_FLAGS        0x000041f3   Thumb Code   334  tpm_marshalling.o(.text)
    tpm_marshal_TPM_STCLEAR_FLAGS            0x00004341   Thumb Code    94  tpm_marshalling.o(.text)
    tpm_unmarshal_TPM_STCLEAR_FLAGS          0x0000439f   Thumb Code    92  tpm_marshalling.o(.text)
    tpm_marshal_TPM_STANY_FLAGS              0x000043fb   Thumb Code    80  tpm_marshalling.o(.text)
    tpm_unmarshal_TPM_STANY_FLAGS            0x0000444b   Thumb Code    82  tpm_marshalling.o(.text)
    tpm_marshal_TPM_STCLEAR_DATA             0x0000449d   Thumb Code    96  tpm_marshalling.o(.text)
    tpm_unmarshal_TPM_STCLEAR_DATA           0x000044fd   Thumb Code   100  tpm_marshalling.o(.text)
    tpm_marshal_TPM_SESSION_DATA             0x00004561   Thumb Code   162  tpm_marshalling.o(.text)
    tpm_unmarshal_TPM_SESSION_DATA           0x00004603   Thumb Code   164  tpm_marshalling.o(.text)
    tpm_marshal_TPM_STANY_DATA               0x000046a7   Thumb Code   214  tpm_marshalling.o(.text)
    tpm_unmarshal_TPM_STANY_DATA             0x0000477d   Thumb Code   214  tpm_marshalling.o(.text)
    tpm_marshal_TPM_RESPONSE                 0x00004853   Thumb Code   118  tpm_marshalling.o(.text)
    tpm_unmarshal_TPM_REQUEST                0x000048c9   Thumb Code   204  tpm_marshalling.o(.text)
    TPM_OIAP                                 0x00004ad5   Thumb Code    48  tpm_authorization.o(.text)
    TPM_OSAP                                 0x00004b05   Thumb Code   290  tpm_authorization.o(.text)
    tpm_verify_auth                          0x00004c27   Thumb Code   222  tpm_authorization.o(.text)
    tpm_decrypt_auth_secret                  0x00004d05   Thumb Code    66  tpm_authorization.o(.text)
    tpm_get_free_session                     0x00004d51   Thumb Code    54  tpm_context.o(.text)
    tpm_invalidate_sessions                  0x00004d87   Thumb Code    50  tpm_context.o(.text)
    TPM_FlushSpecific                        0x00004db9   Thumb Code   160  tpm_eviction.o(.text)
    TPM_TakeOwnership                        0x00004e59   Thumb Code   414  tpm_owner.o(.text)
    tpm_get_free_key                         0x00005009   Thumb Code    42  tpm_storage.o(.text)
    tpm_rsa_import_key                       0x00005033   Thumb Code   112  tpm_storage.o(.text)
    tpm_encrypt_private_key                  0x000050a3   Thumb Code   148  tpm_storage.o(.text)
    tpm_decrypt_private_key                  0x00005137   Thumb Code   110  tpm_storage.o(.text)
    tpm_rsa_decrypt                          0x000051a5   Thumb Code    58  tpm_storage.o(.text)
    tpm_compute_key_digest                   0x000051df   Thumb Code   102  tpm_storage.o(.text)
    tpm_extract_pubkey                       0x00005245   Thumb Code    66  tpm_storage.o(.text)
    TPM_UnBind                               0x00005287   Thumb Code   222  tpm_storage.o(.text)
    TPM_CreateWrapKey                        0x00005365   Thumb Code   394  tpm_storage.o(.text)
    TPM_LoadKey                              0x000054ef   Thumb Code   386  tpm_storage.o(.text)
    TPM_LoadKey2                             0x00005671   Thumb Code     2  tpm_storage.o(.text)
    TPM_GetPubKey                            0x00005673   Thumb Code   114  tpm_storage.o(.text)
    tpm_hmac_init                            0x000056f9   Thumb Code   130  hmac.o(.text)
    tpm_hmac_update                          0x0000577b   Thumb Code     8  hmac.o(.text)
    tpm_hmac_final                           0x00005783   Thumb Code    48  hmac.o(.text)
    tpm_sha1_init                            0x0000676d   Thumb Code    32  sha1.o(.text)
    tpm_sha1_update                          0x0000678d   Thumb Code   110  sha1.o(.text)
    tpm_sha1_update_be32                     0x000067fb   Thumb Code    28  sha1.o(.text)
    tpm_sha1_final                           0x00006817   Thumb Code   150  sha1.o(.text)
    __aeabi_memcpy                           0x000068b9   Thumb Code    32  memcpya.o(.text)
    __aeabi_memcpy4                          0x000068d9   Thumb Code     2  memcpya.o(.text)
    __aeabi_memcpy8                          0x000068db   Thumb Code     2  memcpya.o(.text)
    __aeabi_memmove                          0x000068dd   Thumb Code    58  memmovea.o(.text)
    __aeabi_memmove4                         0x00006917   Thumb Code     2  memmovea.o(.text)
    __aeabi_memmove8                         0x00006919   Thumb Code     2  memmovea.o(.text)
    memcmp                                   0x0000691b   Thumb Code    58  memcmp.o(.text)
    create_file                              0x00006955   Thumb Code    24  api.o(.text)
    read_file                                0x0000696d   Thumb Code    28  api.o(.text)
    write_file                               0x00006989   Thumb Code    28  api.o(.text)
    delete_file                              0x000069a5   Thumb Code    20  api.o(.text)
    get_keyinfo                              0x000069b9   Thumb Code    18  api.o(.text)
    led_control                              0x000069cb   Thumb Code    18  api.o(.text)
    get_random                               0x000069dd   Thumb Code    20  api.o(.text)
    get_tickcount                            0x000069f1   Thumb Code    18  api.o(.text)
    get_realtime                             0x00006a03   Thumb Code    18  api.o(.text)
    get_expiretime                           0x00006a15   Thumb Code    18  api.o(.text)
    get_sharememory                          0x00006a27   Thumb Code    18  api.o(.text)
    set_sharememory                          0x00006a39   Thumb Code    18  api.o(.text)
    rsa_genkey                               0x00006a4b   Thumb Code    20  api.o(.text)
    rsa_pri                                  0x00006a5f   Thumb Code    34  api.o(.text)
    rsa_pub                                  0x00006a81   Thumb Code    34  api.o(.text)
    ecc_genkey                               0x00006aa3   Thumb Code    20  api.o(.text)
    ecc_sign                                 0x00006ab7   Thumb Code    30  api.o(.text)
    ecc_verify                               0x00006ad5   Thumb Code    24  api.o(.text)
    sm2_genkey                               0x00006aed   Thumb Code    20  api.o(.text)
    sm2_sign                                 0x00006b01   Thumb Code    30  api.o(.text)
    sm2_verify                               0x00006b1f   Thumb Code    24  api.o(.text)
    tdes                                     0x00006b37   Thumb Code    24  api.o(.text)
    sm4                                      0x00006b4f   Thumb Code    24  api.o(.text)
    sha1                                     0x00006b67   Thumb Code    20  api.o(.text)
    sm3                                      0x00006b7b   Thumb Code    20  api.o(.text)
    seed                                     0x00006b8f   Thumb Code    20  api.o(.text)
    get_pinstate                             0x00006ba3   Thumb Code    18  api.o(.text)
    image_relocation                         0x00006bbd   Thumb Code    16  image_relocation.o(.text)
    __aeabi_uidiv                            0x00006bd1   Thumb Code     0  uidiv.o(.text)
    __aeabi_uidivmod                         0x00006bd1   Thumb Code    44  uidiv.o(.text)
    __aeabi_memset                           0x00006bfd   Thumb Code    14  memseta.o(.text)
    __aeabi_memset4                          0x00006bfd   Thumb Code     0  memseta.o(.text)
    __aeabi_memset8                          0x00006bfd   Thumb Code     0  memseta.o(.text)
    __aeabi_memclr                           0x00006c0b   Thumb Code     4  memseta.o(.text)
    __aeabi_memclr4                          0x00006c0b   Thumb Code     0  memseta.o(.text)
    __aeabi_memclr8                          0x00006c0b   Thumb Code     0  memseta.o(.text)
    _memset$wrapper                          0x00006c0f   Thumb Code    20  memseta.o(.text)
    __aeabi_uread4                           0x00006c23   Thumb Code    20  uread4.o(.text)
    __rt_uread4                              0x00006c23   Thumb Code     0  uread4.o(.text)
    _uread4                                  0x00006c23   Thumb Code     0  uread4.o(.text)
    __scatterload                            0x00006c39   Thumb Code    28  init.o(.text)
    __scatterload_rt2                        0x00006c39   Thumb Code     0  init.o(.text)
    __ARM_common_switch8                     0x00006c5d   Thumb Code    26  tpm_cmd_handler.o(i.__ARM_common_switch8)
    free                                     0x00006c79   Thumb Code    94  mallocr.o(i.__free$realloc)
    malloc                                   0x00006cdd   Thumb Code    54  mallocr.o(i.__malloc$realloc)
    __scatterload_copy                       0x00006d25   Thumb Code    14  handlers.o(i.__scatterload_copy)
    __scatterload_null                       0x00006d33   Thumb Code     2  handlers.o(i.__scatterload_null)
    __scatterload_zeroinit                   0x00006d35   Thumb Code    14  handlers.o(i.__scatterload_zeroinit)
    realloc                                  0x00006d8d   Thumb Code   114  mallocr.o(i.realloc)
    Region$$Table$$Base                      0x00006e04   Number         0  anon$$obj.o(Region$$Table)
    Region$$Table$$Limit                     0x00006e34   Number         0  anon$$obj.o(Region$$Table)
    InOutBuf                                 0x68000000   Data        1024  system.o(.bss)
    pInOutBuf                                0x68000400   Data           4  main.o(.data)
    originInOutBuf                           0x68000404   Data           4  main.o(.data)
    stclearFlags                             0x68000408   Data           8  tpm_data.o(.data)
    __microlib_freelist                      0x68000410   Data           4  mvars.o(.data)
    __microlib_freelist_initialised          0x68000414   Data           4  mvars.o(.data)
    permanentFlags                           0x68000418   Data          26  tpm_data.o(.bss)
    stanyFlags                               0x68000434   Data          12  tpm_data.o(.bss)
    __heap_base                              0x68000440   Data           0  startup.o(HEAP)
    __heap_limit                             0x68000440   Data           0  startup.o(HEAP)
    __initial_sp                             0x68000b40   Data           0  startup.o(STACK)
    ExtendBuf                                0x68000c00   Data        1024  extend.o(.bss)
    g_FEI                                    0x68001400   Data          20  api.o(.ARM.__AT_0x68001400)



==============================================================================

Memory Map of the image

  Image Entry point : 0x00000041

  Load Region LR_IROM1 (Base: 0x00000000, Size: 0x00006e4c, Max: 0x00010000, ABSOLUTE)

    Execution Region ER_IROM1 (Base: 0x00000000, Size: 0x00006e34, Max: 0x00010000, ABSOLUTE)

    Base Addr    Size         Type   Attr      Idx    E Section Name        Object

    0x00000000   0x00000040   Data   RO            3    RESET               startup.o
    0x00000040   0x00000000   Code   RO          381  * .ARM.Collect$$$$00000000  mc_p.l(entry.o)(mc_p.l)
    0x00000040   0x00000004   Code   RO          418    .ARM.Collect$$$$00000001  mc_p.l(entry2.o)(mc_p.l)
    0x00000044   0x00000004   Code   RO          421    .ARM.Collect$$$$00000004  mc_p.l(entry5.o)(mc_p.l)
    0x00000048   0x00000008   Code   RO          422    .ARM.Collect$$$$00000007  mc_p.l(entry7.o)(mc_p.l)
    0x00000050   0x00000004   Code   RO          419    .ARM.Collect$$$$00002712  mc_p.l(entry2.o)(mc_p.l)
    0x00000054   0x00000014   Code   RO            4    .text               startup.o
    0x00000068   0x00000068   Code   RO           10    .text               main.o
    0x000000d0   0x00000b60   Code   RO           70    .text               tpm_cmd_handler.o
    0x00000c30   0x00000154   Code   RO          119    .text               tpm_startup.o
    0x00000d84   0x00000bc8   Code   RO          135    .text               tpm_data.o
    0x0000194c   0x00000128   Code   RO          155    .text               tpm_handles.o
    0x00001a74   0x00003060   Code   RO          167    .text               tpm_marshalling.o
    0x00004ad4   0x0000027c   Code   RO          183    .text               tpm_authorization.o
    0x00004d50   0x00000068   Code   RO          198    .text               tpm_context.o
    0x00004db8   0x000000a0   Code   RO          210    .text               tpm_eviction.o
    0x00004e58   0x000001b0   Code   RO          222    .text               tpm_owner.o
    0x00005008   0x000006f0   Code   RO          234    .text               tpm_storage.o
    0x000056f8   0x000000ba   Code   RO          253    .text               hmac.o
    0x000057b2   0x00000002   PAD
    0x000057b4   0x00001104   Code   RO          271    .text               sha1.o
    0x000068b8   0x00000024   Code   RO          283    .text               RockeyLibc.lib(memcpya.o)(RockeyLibc.lib)
    0x000068dc   0x0000003e   Code   RO          321    .text               RockeyLibc.lib(memmovea.o)(RockeyLibc.lib)
    0x0000691a   0x0000003a   Code   RO          333    .text               RockeyLibc.lib(memcmp.o)(RockeyLibc.lib)
    0x00006954   0x00000268   Code   RO          345    .text               FTRX.lib(api.o)(FTRX.lib)
    0x00006bbc   0x00000014   Code   RO          369    .text               RockeyLibc.lib(image_relocation.o)(RockeyLibc.lib)
    0x00006bd0   0x0000002c   Code   RO          384    .text               mc_p.l(uidiv.o)(mc_p.l)
    0x00006bfc   0x00000026   Code   RO          386    .text               mc_p.l(memseta.o)(mc_p.l)
    0x00006c22   0x00000014   Code   RO          416    .text               mc_p.l(uread4.o)(mc_p.l)
    0x00006c36   0x00000002   PAD
    0x00006c38   0x00000024   Code   RO          425    .text               mc_p.l(init.o)(mc_p.l)
    0x00006c5c   0x0000001a   Code   RO           79    i.__ARM_common_switch8  tpm_cmd_handler.o
    0x00006c76   0x00000002   PAD
    0x00006c78   0x00000064   Code   RO          392    i.__free$realloc    mc_p.l(mallocr.o)(mc_p.l)
    0x00006cdc   0x00000048   Code   RO          393    i.__malloc$realloc  mc_p.l(mallocr.o)(mc_p.l)
    0x00006d24   0x0000000e   Code   RO          429    i.__scatterload_copy  mc_p.l(handlers.o)(mc_p.l)
    0x00006d32   0x00000002   Code   RO          430    i.__scatterload_null  mc_p.l(handlers.o)(mc_p.l)
    0x00006d34   0x0000000e   Code   RO          431    i.__scatterload_zeroinit  mc_p.l(handlers.o)(mc_p.l)
    0x00006d42   0x00000002   PAD
    0x00006d44   0x00000048   Code   RO          394    i.internal_alloc    mc_p.l(mallocr.o)(mc_p.l)
    0x00006d8c   0x00000078   Code   RO          395    i.realloc           mc_p.l(mallocr.o)(mc_p.l)
    0x00006e04   0x00000030   Data   RO          427    Region$$Table       anon$$obj.o


    Execution Region RW_IRAM2 (Base: 0x68000000, Size: 0x00000400, Max: 0x00000400, ABSOLUTE, UNINIT)

    Base Addr    Size         Type   Attr      Idx    E Section Name        Object

    0x68000000   0x00000400   Zero   RW           56    .bss                system.o


    Execution Region RW_IRAM1 (Base: 0x68000400, Size: 0x00000740, Max: 0x00000800, ABSOLUTE)

    Base Addr    Size         Type   Attr      Idx    E Section Name        Object

    0x68000400   0x00000008   Data   RW           11    .data               main.o
    0x68000408   0x00000008   Data   RW          137    .data               tpm_data.o
    0x68000410   0x00000004   Data   RW          423    .data               mc_p.l(mvars.o)(mc_p.l)
    0x68000414   0x00000004   Data   RW          424    .data               mc_p.l(mvars.o)(mc_p.l)
    0x68000418   0x00000028   Zero   RW          136    .bss                tpm_data.o
    0x68000440   0x00000000   Zero   RW            2    HEAP                startup.o
    0x68000440   0x00000700   Zero   RW            1    STACK               startup.o


    Execution Region RW_RAM1 (Base: 0x68000c00, Size: 0x00000400, Max: 0x00000400, ABSOLUTE)

    Base Addr    Size         Type   Attr      Idx    E Section Name        Object

    0x68000c00   0x00000400   Zero   RW           63    .bss                extend.o



  Load Region LR$$.ARM.__AT_0x68001400 (Base: 0x68001400, Size: 0x00000000, Max: 0x00000014, ABSOLUTE)

    Execution Region ER$$.ARM.__AT_0x68001400 (Base: 0x68001400, Size: 0x00000014, Max: 0x00000014, ABSOLUTE, UNINIT)

    Base Addr    Size         Type   Attr      Idx    E Section Name        Object

    0x68001400   0x00000014   Zero   RW          346    .ARM.__AT_0x68001400  FTRX.lib(api.o)(FTRX.lib)


==============================================================================

Image component sizes


      Code (inc. data)   RO Data    RW Data    ZI Data      Debug   Object Name

         0          0          0          0       1024          0   extend.o
       186          0          0          0          0          0   hmac.o
       104          8          0          8          0          0   main.o
      4356         32          0          0          0          0   sha1.o
        20          6         64          0       1792          0   startup.o
         0          0          0          0       1024          0   system.o
       636         10          0          0          0          0   tpm_authorization.o
      2938         96          0          0          0          0   tpm_cmd_handler.o
       104          0          0          0          0          0   tpm_context.o
      3016         90          0          8         40          0   tpm_data.o
       160         12          0          0          0          0   tpm_eviction.o
       296         16          0          0          0          0   tpm_handles.o
     12384         30          0          0          0          0   tpm_marshalling.o
       432         18          0          0          0          0   tpm_owner.o
       340         14          0          0          0          0   tpm_startup.o
      1776         44          0          0          0          0   tpm_storage.o

    ----------------------------------------------------------------------
     26752        376        112         16       3880          0   Object Totals
         0          0         48          0          0          0   (incl. Generated)
         4          0          0          0          0          0   (incl. Padding)

    ----------------------------------------------------------------------

      Code (inc. data)   RO Data    RW Data    ZI Data      Debug   Library Member Name

       616          8          0          0         20          0   api.o
        20          4          0          0          0          0   image_relocation.o
        58          0          0          0          0          0   memcmp.o
        36          0          0          0          0          0   memcpya.o
        62          0          0          0          0          0   memmovea.o
         0          0          0          0          0          0   entry.o
         8          4          0          0          0          0   entry2.o
         4          0          0          0          0          0   entry5.o
         8          4          0          0          0          0   entry7.o
        30          0          0          0          0          0   handlers.o
        36          8          0          0          0          0   init.o
       364         36          0          0          0          0   mallocr.o
        38          0          0          0          0          0   memseta.o
         0          0          0          8          0          0   mvars.o
        44          0          0          0          0          0   uidiv.o
        20          0          0          0          0          0   uread4.o

    ----------------------------------------------------------------------
      1348         64          0          8         20          0   Library Totals
         4          0          0          0          0          0   (incl. Padding)

    ----------------------------------------------------------------------

      Code (inc. data)   RO Data    RW Data    ZI Data      Debug   Library Name

       616          8          0          0         20      10209   FTRX.lib
       176          4          0          0          0       5019   RockeyLibc.lib
       552         52          0          8          0        608   mc_p.l

    ----------------------------------------------------------------------
      1348         64          0          8         20          0   Library Totals

    ----------------------------------------------------------------------

==============================================================================


      Code (inc. data)   RO Data    RW Data    ZI Data      Debug   

     28100        440        112         24       3900     190812   Grand Totals
     28100        440        112         24       3900     190812   ELF Image Totals
     28100        440        112         24          0          0   ROM Totals

==============================================================================

    Total RO  Size (Code + RO Data)                28212 (  27.55kB)
    Total RW  Size (RW Data + ZI Data)              3924 (   3.83kB)
    Total ROM Size (Code + RO Data + RW Data)      28236 (  27.57kB)

==============================================================================

