ARM Linker, 4.1 [Build 481] [Evaluation]

==============================================================================

Section Cross References

    startup.o(RESET) refers to startup.o(STACK) for __initial_sp
    startup.o(RESET) refers to startup.o(.text) for Reset_Handler
    startup.o(.text) refers to entry.o(.ARM.Collect$$$$00000000) for __main
    main.o(.text) refers to memcpya.o(.text) for __aeabi_memcpy
    main.o(.text) refers to tpm_cmd_handler.o(.text) for tpm_engine_init
    main.o(.text) refers to system.o(.bss) for InOutBuf
    main.o(.text) refers to main.o(.data) for .data
    tpm_cmd_handler.o(.text) refers to uread4.o(.text) for __aeabi_uread4
    tpm_cmd_handler.o(.text) refers to memcpya.o(.text) for __aeabi_memcpy
    tpm_cmd_handler.o(.text) refers to tpm_cmd_handler.o(i.__ARM_common_switch8) for __ARM_common_switch8
    tpm_cmd_handler.o(.text) refers to tpm_data.o(.text) for tpm_init_data
    tpm_cmd_handler.o(.text) refers to tpm_startup.o(.text) for TPM_Init
    tpm_cmd_handler.o(.text) refers to sha1.o(.text) for tpm_sha1_init
    tpm_cmd_handler.o(.text) refers to hmac.o(.text) for tpm_hmac_init
    tpm_cmd_handler.o(.text) refers to tpm_marshalling.o(.text) for tpm_unmarshal_TPM_KEY
    tpm_cmd_handler.o(.text) refers to tpm_owner.o(.text) for TPM_TakeOwnership
    tpm_cmd_handler.o(.text) refers to mallocr.o(i.__malloc$realloc) for malloc
    tpm_cmd_handler.o(.text) refers to mallocr.o(i.__free$realloc) for free
    tpm_cmd_handler.o(.text) refers to tpm_storage.o(.text) for TPM_CreateWrapKey
    tpm_cmd_handler.o(.text) refers to tpm_data.o(.bss) for permanentFlags
    tpm_cmd_handler.o(.text) refers to tpm_data.o(.data) for stclearFlags
    tpm_cmd_handler.o(.text) refers to extend.o(.bss) for ExtendBuf
    tpm_cmd_handler.o(.text) refers to tpm_crypto.o(.text) for TPM_CertifyKey
    tpm_cmd_handler.o(.text) refers to tpm_integrity.o(.text) for TPM_Quote
    tpm_cmd_handler.o(.text) refers to memseta.o(.text) for __aeabi_memclr4
    tpm_cmd_handler.o(.text) refers to tpm_eviction.o(.text) for TPM_FlushSpecific
    tpm_cmd_handler.o(.text) refers to tpm_authorization.o(.text) for TPM_OIAP
    tpm_cmd_handler.o(.text) refers to system.o(.bss) for InOutBuf
    tpm_cmd_handler.o(.text) refers to tpm_identity.o(.text) for TPM_MakeIdentity
    tpm_startup.o(.text) refers to api.o(.text) for get_random
    tpm_startup.o(.text) refers to tpm_data.o(.text) for set_TPM_STANY_DATA_zero
    tpm_startup.o(.text) refers to memseta.o(.text) for __aeabi_memset
    tpm_startup.o(.text) refers to tpm_eviction.o(.text) for TPM_FlushSpecific
    tpm_startup.o(.text) refers to tpm_data.o(.bss) for stanyFlags
    tpm_startup.o(.text) refers to tpm_data.o(.data) for stclearFlags
    tpm_data.o(.text) refers to memcpya.o(.text) for __aeabi_memcpy
    tpm_data.o(.text) refers to api.o(.text) for write_file
    tpm_data.o(.text) refers to memseta.o(.text) for __aeabi_memclr4
    tpm_data.o(.text) refers to main.o(.data) for pInOutBuf
    tpm_data.o(.text) refers to tpm_data.o(.bss) for .bss
    tpm_data.o(.text) refers to tpm_data.o(.data) for .data
    tpm_handles.o(.text) refers to tpm_cmd_handler.o(i.__ARM_common_switch8) for __ARM_common_switch8
    tpm_handles.o(.text) refers to tpm_data.o(.text) for read_TPM_PERMANENT_DATA_srk_payload
    tpm_marshalling.o(.text) refers to uread4.o(.text) for __aeabi_uread4
    tpm_marshalling.o(.text) refers to memcpya.o(.text) for __aeabi_memcpy
    tpm_marshalling.o(.text) refers to uidiv.o(.text) for __aeabi_uidivmod
    tpm_marshalling.o(.text) refers to tpm_cmd_handler.o(i.__ARM_common_switch8) for __ARM_common_switch8
    tpm_authorization.o(.text) refers to tpm_context.o(.text) for tpm_get_free_session
    tpm_authorization.o(.text) refers to tpm_handles.o(.text) for tpm_get_auth
    tpm_authorization.o(.text) refers to api.o(.text) for get_random
    tpm_authorization.o(.text) refers to tpm_data.o(.text) for write_TPM_STANY_DATA_sessions_nonceEven
    tpm_authorization.o(.text) refers to hmac.o(.text) for tpm_hmac_init
    tpm_authorization.o(.text) refers to memcpya.o(.text) for __aeabi_memcpy
    tpm_authorization.o(.text) refers to memcmp.o(.text) for memcmp
    tpm_authorization.o(.text) refers to sha1.o(.text) for tpm_sha1_init
    tpm_authorization.o(.text) refers to tpm_data.o(.bss) for permanentFlags
    tpm_context.o(.text) refers to tpm_data.o(.text) for read_TPM_STANY_DATA_sessions_type
    tpm_eviction.o(.text) refers to tpm_cmd_handler.o(i.__ARM_common_switch8) for __ARM_common_switch8
    tpm_eviction.o(.text) refers to tpm_data.o(.text) for read_TPM_STANY_DATA_contextList
    tpm_eviction.o(.text) refers to tpm_handles.o(.text) for tpm_get_key
    tpm_eviction.o(.text) refers to tpm_context.o(.text) for tpm_invalidate_sessions
    tpm_owner.o(.text) refers to api.o(.text) for rsa_pri
    tpm_owner.o(.text) refers to tpm_data.o(.text) for write_TPM_PERMANENT_DATA_ownerAuth
    tpm_owner.o(.text) refers to tpm_authorization.o(.text) for tpm_verify_auth
    tpm_owner.o(.text) refers to tpm_handles.o(.text) for tpm_get_auth
    tpm_owner.o(.text) refers to memseta.o(.text) for __aeabi_memclr4
    tpm_owner.o(.text) refers to memcpya.o(.text) for __aeabi_memcpy
    tpm_owner.o(.text) refers to mallocr.o(i.__malloc$realloc) for malloc
    tpm_owner.o(.text) refers to mallocr.o(i.realloc) for realloc
    tpm_owner.o(.text) refers to tpm_data.o(.bss) for permanentFlags
    tpm_storage.o(.text) refers to tpm_data.o(.text) for read_TPM_PERMANENT_DATA_keys_payload
    tpm_storage.o(.text) refers to memcpya.o(.text) for __aeabi_memcpy
    tpm_storage.o(.text) refers to api.o(.text) for write_file
    tpm_storage.o(.text) refers to tpm_marshalling.o(.text) for tpm_marshal_TPM_STORE_ASYMKEY
    tpm_storage.o(.text) refers to mallocr.o(i.__malloc$realloc) for malloc
    tpm_storage.o(.text) refers to mallocr.o(i.__free$realloc) for free
    tpm_storage.o(.text) refers to sha1.o(.text) for tpm_sha1_init
    tpm_storage.o(.text) refers to tpm_handles.o(.text) for tpm_get_key
    tpm_storage.o(.text) refers to tpm_authorization.o(.text) for tpm_verify_auth
    tpm_storage.o(.text) refers to memcmp.o(.text) for memcmp
    tpm_storage.o(.text) refers to extend.o(.bss) for ExtendBuf
    tpm_storage.o(.text) refers to system.o(.bss) for InOutBuf
    tpm_storage.o(.text) refers to memmovea.o(.text) for __aeabi_memmove
    tpm_storage.o(.text) refers to memseta.o(.text) for __aeabi_memclr4
    tpm_storage.o(.text) refers to tpm_data.o(.bss) for permanentFlags
    tpm_crypto.o(.text) refers to tpm_handles.o(.text) for tpm_get_key
    tpm_crypto.o(.text) refers to tpm_data.o(.text) for read_TPM_PERMANENT_DATA_keys
    tpm_crypto.o(.text) refers to tpm_authorization.o(.text) for tpm_verify_auth
    tpm_crypto.o(.text) refers to tpm_integrity.o(.text) for tpm_compute_pcr_digest
    tpm_crypto.o(.text) refers to memcmp.o(.text) for memcmp
    tpm_crypto.o(.text) refers to memcpya.o(.text) for __aeabi_memcpy
    tpm_crypto.o(.text) refers to memseta.o(.text) for __aeabi_memclr4
    tpm_crypto.o(.text) refers to api.o(.text) for read_file
    tpm_crypto.o(.text) refers to sha1.o(.text) for tpm_sha1_init
    tpm_crypto.o(.text) refers to tpm_marshalling.o(.text) for tpm_marshal_TPM_CERTIFY_INFO
    tpm_crypto.o(.text) refers to tpm_data.o(.bss) for stanyFlags
    tpm_crypto.o(.text) refers to system.o(.bss) for InOutBuf
    tpm_identity.o(.text) refers to tpm_data.o(.text) for read_TPM_PERMANENT_DATA_ownerAuth
    tpm_identity.o(.text) refers to tpm_authorization.o(.text) for tpm_verify_auth
    tpm_identity.o(.text) refers to tpm_handles.o(.text) for tpm_get_auth
    tpm_identity.o(.text) refers to memcpya.o(.text) for __aeabi_memcpy4
    tpm_identity.o(.text) refers to api.o(.text) for rsa_genkey
    tpm_identity.o(.text) refers to mallocr.o(i.__malloc$realloc) for malloc
    tpm_identity.o(.text) refers to tpm_storage.o(.text) for tpm_compute_key_digest
    tpm_identity.o(.text) refers to mallocr.o(i.__free$realloc) for free
    tpm_identity.o(.text) refers to system.o(.bss) for InOutBuf
    tpm_integrity.o(.text) refers to tpm_data.o(.text) for read_TPM_PERMANENT_DATA_pcrAttrib
    tpm_integrity.o(.text) refers to sha1.o(.text) for tpm_sha1_init
    tpm_integrity.o(.text) refers to memcpya.o(.text) for __aeabi_memcpy
    tpm_integrity.o(.text) refers to tpm_marshalling.o(.text) for tpm_marshal_TPM_PCR_COMPOSITE
    tpm_integrity.o(.text) refers to mallocr.o(i.__free$realloc) for free
    tpm_integrity.o(.text) refers to memseta.o(.text) for __aeabi_memclr
    tpm_integrity.o(.text) refers to tpm_handles.o(.text) for tpm_get_key
    tpm_integrity.o(.text) refers to tpm_authorization.o(.text) for tpm_verify_auth
    tpm_integrity.o(.text) refers to mallocr.o(i.__malloc$realloc) for malloc
    tpm_integrity.o(.text) refers to api.o(.text) for rsa_pri
    tpm_integrity.o(.text) refers to tpm_data.o(.bss) for stanyFlags
    tpm_integrity.o(.text) refers to system.o(.bss) for InOutBuf
    tpm_integrity.o(.text) refers to extend.o(.bss) for ExtendBuf
    hmac.o(.text) refers to sha1.o(.text) for tpm_sha1_init
    hmac.o(.text) refers to memseta.o(.text) for __aeabi_memclr4
    hmac.o(.text) refers to memcpya.o(.text) for __aeabi_memcpy
    sha1.o(.text) refers to memcpya.o(.text) for __aeabi_memcpy
    sha1.o(.text) refers to memseta.o(.text) for __aeabi_memclr4
    memcpya.o(.text) refers to image_relocation.o(.text) for image_relocation
    memmovea.o(.text) refers to image_relocation.o(.text) for image_relocation
    memmovea.o(.text) refers to memcpya.o(.text) for __aeabi_memcpy
    memcmp.o(.text) refers to image_relocation.o(.text) for image_relocation
    api.o(.text) refers to api.o(.ARM.__AT_0x68001400) for .ARM.__AT_0x68001400
    entry.o(.ARM.Collect$$$$00000000) refers (Special) to entry7.o(.ARM.Collect$$$$00000007) for _main_init
    entry.o(.ARM.Collect$$$$00000000) refers (Special) to entry5.o(.ARM.Collect$$$$00000004) for _main_scatterload
    entry.o(.ARM.Collect$$$$00000000) refers (Special) to entry2.o(.ARM.Collect$$$$00000001) for _main_stk
    malloc.o(i.free) refers to mvars.o(.data) for __microlib_freelist
    malloc.o(i.malloc) refers to mvars.o(.data) for __microlib_freelist_initialised
    malloc.o(i.malloc) refers to mvars.o(.data) for __microlib_freelist
    malloc.o(i.malloc) refers to startup.o(HEAP) for __heap_base
    mallocr.o(i.__free$realloc) refers to mvars.o(.data) for __microlib_freelist
    mallocr.o(i.__malloc$realloc) refers to mallocr.o(i.internal_alloc) for internal_alloc
    mallocr.o(i.__malloc$realloc) refers to startup.o(HEAP) for __heap_base
    mallocr.o(i.__malloc$realloc) refers to mvars.o(.data) for __microlib_freelist
    mallocr.o(i.__malloc$realloc) refers to mvars.o(.data) for __microlib_freelist_initialised
    mallocr.o(i.internal_alloc) refers to memcpya.o(.text) for __aeabi_memcpy
    mallocr.o(i.internal_alloc) refers to mvars.o(.data) for __microlib_freelist
    mallocr.o(i.realloc) refers to mallocr.o(i.__free$realloc) for free
    mallocr.o(i.realloc) refers to mallocr.o(i.internal_alloc) for internal_alloc
    mallocr.o(i.realloc) refers to mallocr.o(i.__malloc$realloc) for malloc
    mallocr.o(i.realloc) refers to mvars.o(.data) for __microlib_freelist
    malloca.o(i.__aligned_malloc) refers to mvars.o(.data) for __microlib_freelist
    malloca.o(i.__aligned_malloc) refers to mvars.o(.data) for __microlib_freelist_initialised
    malloca.o(i.__aligned_malloc) refers to startup.o(HEAP) for __heap_base
    malloca.o(i.__free$memalign) refers to mvars.o(.data) for __microlib_freelist
    malloca.o(i.__malloc$memalign) refers to malloca.o(i.__aligned_malloc) for __aligned_malloc
    mallocra.o(i.__aligned_malloc$realloc) refers to mallocra.o(i.internal_alloc) for internal_alloc
    mallocra.o(i.__aligned_malloc$realloc) refers to mvars.o(.data) for __microlib_freelist_initialised
    mallocra.o(i.__aligned_malloc$realloc) refers to startup.o(HEAP) for __heap_base
    mallocra.o(i.__aligned_malloc$realloc) refers to mvars.o(.data) for __microlib_freelist
    mallocra.o(i.__free$realloc$memalign) refers to mvars.o(.data) for __microlib_freelist
    mallocra.o(i.__malloc$realloc$memalign) refers to mallocra.o(i.__aligned_malloc$realloc) for __aligned_malloc$realloc
    mallocra.o(i.__realloc$memalign) refers to mallocra.o(i.__free$realloc$memalign) for __free$realloc$memalign
    mallocra.o(i.__realloc$memalign) refers to mallocra.o(i.internal_alloc) for internal_alloc
    mallocra.o(i.__realloc$memalign) refers to mallocra.o(i.__malloc$realloc$memalign) for __malloc$realloc$memalign
    mallocra.o(i.__realloc$memalign) refers to mvars.o(.data) for __microlib_freelist
    mallocra.o(i.internal_alloc) refers to memcpya.o(.text) for __aeabi_memcpy
    mallocra.o(i.internal_alloc) refers to mvars.o(.data) for __microlib_freelist
    entry2.o(.ARM.Collect$$$$00000001) refers to entry2.o(.ARM.Collect$$$$00002712) for __lit__00000000
    entry2.o(.ARM.Collect$$$$00002712) refers to startup.o(STACK) for __initial_sp
    entry2.o(__vectab_stack_and_reset_area) refers to startup.o(STACK) for __initial_sp
    entry2.o(__vectab_stack_and_reset_area) refers to entry.o(.ARM.Collect$$$$00000000) for __main
    entry5.o(.ARM.Collect$$$$00000004) refers to init.o(.text) for __scatterload
    entry7.o(.ARM.Collect$$$$00000007) refers to main.o(.text) for main
    init.o(.text) refers to entry5.o(.ARM.Collect$$$$00000004) for __main_after_scatterload


==============================================================================

Image Symbol Table

    Local Symbols

    Symbol Name                              Value     Ov Type        Size  Object(Section)

    RESET                                    0x00000000   Section       64  startup.o(RESET)
    ../../microlib/division.c                0x00000000   Number         0  uidiv.o ABSOLUTE
    ../../microlib/init/entry.s              0x00000000   Number         0  entry7.o ABSOLUTE
    ../../microlib/init/entry.s              0x00000000   Number         0  entry5.o ABSOLUTE
    ../../microlib/init/entry.s              0x00000000   Number         0  entry2.o ABSOLUTE
    ../../microlib/init/entry.s              0x00000000   Number         0  entry.o ABSOLUTE
    ../../microlib/malloc/malloc.c           0x00000000   Number         0  mallocra.o ABSOLUTE
    ../../microlib/malloc/malloc.c           0x00000000   Number         0  malloca.o ABSOLUTE
    ../../microlib/malloc/malloc.c           0x00000000   Number         0  mallocr.o ABSOLUTE
    ../../microlib/malloc/malloc.c           0x00000000   Number         0  malloc.o ABSOLUTE
    ../../microlib/malloc/mvars.c            0x00000000   Number         0  mvars.o ABSOLUTE
    ../../microlib/string/memset.c           0x00000000   Number         0  memseta.o ABSOLUTE
    ../../microlib/unhosted.c                0x00000000   Number         0  uread4.o ABSOLUTE
    Core\startup.s                           0x00000000   Number         0  startup.o ABSOLUTE
    api.c                                    0x00000000   Number         0  api.o ABSOLUTE
    crypto\hmac.c                            0x00000000   Number         0  hmac.o ABSOLUTE
    crypto\sha1.c                            0x00000000   Number         0  sha1.o ABSOLUTE
    dc.s                                     0x00000000   Number         0  dc.o ABSOLUTE
    extend.c                                 0x00000000   Number         0  extend.o ABSOLUTE
    handlers.s                               0x00000000   Number         0  handlers.o ABSOLUTE
    init.s                                   0x00000000   Number         0  init.o ABSOLUTE
    main.c                                   0x00000000   Number         0  main.o ABSOLUTE
    src_codes\app_files\image_relocation.c   0x00000000   Number         0  image_relocation.o ABSOLUTE
    src_codes\app_files\memcmp.c             0x00000000   Number         0  memcmp.o ABSOLUTE
    src_codes\app_files\memcpya.c            0x00000000   Number         0  memcpya.o ABSOLUTE
    src_codes\app_files\memmovea.c           0x00000000   Number         0  memmovea.o ABSOLUTE
    system.c                                 0x00000000   Number         0  system.o ABSOLUTE
    tpm\tpm_authorization.c                  0x00000000   Number         0  tpm_authorization.o ABSOLUTE
    tpm\tpm_cmd_handler.c                    0x00000000   Number         0  tpm_cmd_handler.o ABSOLUTE
    tpm\tpm_context.c                        0x00000000   Number         0  tpm_context.o ABSOLUTE
    tpm\tpm_crypto.c                         0x00000000   Number         0  tpm_crypto.o ABSOLUTE
    tpm\tpm_data.c                           0x00000000   Number         0  tpm_data.o ABSOLUTE
    tpm\tpm_eviction.c                       0x00000000   Number         0  tpm_eviction.o ABSOLUTE
    tpm\tpm_handles.c                        0x00000000   Number         0  tpm_handles.o ABSOLUTE
    tpm\tpm_identity.c                       0x00000000   Number         0  tpm_identity.o ABSOLUTE
    tpm\tpm_integrity.c                      0x00000000   Number         0  tpm_integrity.o ABSOLUTE
    tpm\tpm_marshalling.c                    0x00000000   Number         0  tpm_marshalling.o ABSOLUTE
    tpm\tpm_owner.c                          0x00000000   Number         0  tpm_owner.o ABSOLUTE
    tpm\tpm_startup.c                        0x00000000   Number         0  tpm_startup.o ABSOLUTE
    tpm\tpm_storage.c                        0x00000000   Number         0  tpm_storage.o ABSOLUTE
    .ARM.Collect$$$$00000000                 0x00000040   Section        0  entry.o(.ARM.Collect$$$$00000000)
    .ARM.Collect$$$$00000001                 0x00000040   Section        4  entry2.o(.ARM.Collect$$$$00000001)
    .ARM.Collect$$$$00000004                 0x00000044   Section        4  entry5.o(.ARM.Collect$$$$00000004)
    .ARM.Collect$$$$00000007                 0x00000048   Section        8  entry7.o(.ARM.Collect$$$$00000007)
    .ARM.Collect$$$$00002712                 0x00000050   Section        4  entry2.o(.ARM.Collect$$$$00002712)
    __lit__00000000                          0x00000050   Data           4  entry2.o(.ARM.Collect$$$$00002712)
    .text                                    0x00000054   Section       20  startup.o(.text)
    Reset_Handler                            0x00000055   Thumb Code     4  startup.o(.text)
    .text                                    0x00000068   Section        0  main.o(.text)
    .text                                    0x000000d0   Section        0  tpm_cmd_handler.o(.text)
    tpm_marshal_UINT32                       0x000000d1   Thumb Code    52  tpm_cmd_handler.o(.text)
    tpm_unmarshal_UINT32                     0x00000105   Thumb Code    56  tpm_cmd_handler.o(.text)
    tpm_marshal_BLOB                         0x0000013d   Thumb Code    50  tpm_cmd_handler.o(.text)
    tpm_check_status_and_mode                0x000002f5   Thumb Code   294  tpm_cmd_handler.o(.text)
    tpm_setup_rsp_auth                       0x0000041b   Thumb Code   168  tpm_cmd_handler.o(.text)
    execute_TPM_TakeOwnership                0x000004c3   Thumb Code   274  tpm_cmd_handler.o(.text)
    execute_TPM_CreateWrapKey                0x000005d5   Thumb Code   230  tpm_cmd_handler.o(.text)
    execute_TPM_GetPubKey                    0x000006bb   Thumb Code   180  tpm_cmd_handler.o(.text)
    execute_TPM_CertifyKey                   0x0000076f   Thumb Code   262  tpm_cmd_handler.o(.text)
    execute_TPM_Quote                        0x00000875   Thumb Code   194  tpm_cmd_handler.o(.text)
    tpm_unmarshal_UINT16                     0x00000c2d   Thumb Code    44  tpm_cmd_handler.o(.text)
    tpm_unmarshal_BLOB                       0x00000c59   Thumb Code    42  tpm_cmd_handler.o(.text)
    tpm_setup_error_response                 0x00000c83   Thumb Code    18  tpm_cmd_handler.o(.text)
    execute_TPM_OSAP                         0x00000c95   Thumb Code   166  tpm_cmd_handler.o(.text)
    execute_TPM_LoadKey                      0x00000d3b   Thumb Code   122  tpm_cmd_handler.o(.text)
    execute_TPM_LoadKey2                     0x00000db5   Thumb Code   120  tpm_cmd_handler.o(.text)
    execute_TPM_UnBind                       0x00000e2d   Thumb Code   172  tpm_cmd_handler.o(.text)
    execute_TPM_MakeIdentity                 0x00000ed9   Thumb Code   194  tpm_cmd_handler.o(.text)
    execute_TPM_Extend                       0x00000f9b   Thumb Code   106  tpm_cmd_handler.o(.text)
    .text                                    0x00001008   Section        0  tpm_startup.o(.text)
    .text                                    0x0000115c   Section        0  tpm_data.o(.text)
    .text                                    0x00001d58   Section        0  tpm_handles.o(.text)
    .text                                    0x00001e80   Section        0  tpm_marshalling.o(.text)
    tpm_marshal_UINT32                       0x00001e81   Thumb Code    52  tpm_marshalling.o(.text)
    tpm_unmarshal_UINT32                     0x00001eb5   Thumb Code    56  tpm_marshalling.o(.text)
    tpm_marshal_BLOB                         0x00001eed   Thumb Code    50  tpm_marshalling.o(.text)
    tpm_unmarshal_BYTE_ARRAY                 0x00001f1f   Thumb Code    50  tpm_marshalling.o(.text)
    tpm_marshal_BYTE                         0x00004da1   Thumb Code    32  tpm_marshalling.o(.text)
    tpm_unmarshal_BYTE                       0x00004dc1   Thumb Code    34  tpm_marshalling.o(.text)
    tpm_marshal_UINT16                       0x00004de3   Thumb Code    40  tpm_marshalling.o(.text)
    tpm_unmarshal_UINT16                     0x00004e0b   Thumb Code    44  tpm_marshalling.o(.text)
    tpm_unmarshal_BLOB                       0x00004e37   Thumb Code    42  tpm_marshalling.o(.text)
    tpm_marshal_BYTE_ARRAY                   0x00004e61   Thumb Code    46  tpm_marshalling.o(.text)
    tpm_marshal_BOOL                         0x00004e8f   Thumb Code    36  tpm_marshalling.o(.text)
    tpm_unmarshal_BOOL                       0x00004eb3   Thumb Code    40  tpm_marshalling.o(.text)
    .text                                    0x00004ee0   Section        0  tpm_authorization.o(.text)
    .text                                    0x0000515c   Section        0  tpm_context.o(.text)
    .text                                    0x000051c4   Section        0  tpm_eviction.o(.text)
    .text                                    0x00005268   Section        0  tpm_owner.o(.text)
    .text                                    0x00005418   Section        0  tpm_storage.o(.text)
    .text                                    0x00005c0c   Section        0  tpm_crypto.o(.text)
    .text                                    0x00005e54   Section        0  tpm_identity.o(.text)
    .text                                    0x000060bc   Section        0  tpm_integrity.o(.text)
    .text                                    0x0000630c   Section        0  hmac.o(.text)
    .text                                    0x000063c8   Section        0  sha1.o(.text)
    tpm_sha1_transform                       0x000063c9   Thumb Code  4024  sha1.o(.text)
    .text                                    0x000074cc   Section        0  memcpya.o(.text)
    .text                                    0x000074f0   Section        0  memmovea.o(.text)
    .text                                    0x0000752e   Section        0  memcmp.o(.text)
    .text                                    0x00007568   Section        0  api.o(.text)
    .text                                    0x000077d0   Section        0  image_relocation.o(.text)
    .text                                    0x000077e4   Section        0  uidiv.o(.text)
    .text                                    0x00007810   Section        0  memseta.o(.text)
    .text                                    0x00007836   Section        0  uread4.o(.text)
    .text                                    0x0000784c   Section       36  init.o(.text)
    i.__ARM_common_switch8                   0x00007870   Section        0  tpm_cmd_handler.o(i.__ARM_common_switch8)
    i.__free$realloc                         0x0000788c   Section        0  mallocr.o(i.__free$realloc)
    i.__malloc$realloc                       0x000078f0   Section        0  mallocr.o(i.__malloc$realloc)
    i.__scatterload_copy                     0x00007938   Section       14  handlers.o(i.__scatterload_copy)
    i.__scatterload_null                     0x00007946   Section        2  handlers.o(i.__scatterload_null)
    i.__scatterload_zeroinit                 0x00007948   Section       14  handlers.o(i.__scatterload_zeroinit)
    i.internal_alloc                         0x00007958   Section        0  mallocr.o(i.internal_alloc)
    internal_alloc                           0x00007959   Thumb Code    66  mallocr.o(i.internal_alloc)
    i.realloc                                0x000079a0   Section        0  mallocr.o(i.realloc)
    .bss                                     0x68000000   Section     1024  system.o(.bss)
    .data                                    0x68000400   Section        8  main.o(.data)
    .data                                    0x68000408   Section        8  tpm_data.o(.data)
    .data                                    0x68000410   Section        4  mvars.o(.data)
    .data                                    0x68000414   Section        4  mvars.o(.data)
    .bss                                     0x68000418   Section       40  tpm_data.o(.bss)
    HEAP                                     0x68000440   Section        0  startup.o(HEAP)
    STACK                                    0x68000440   Section     1792  startup.o(STACK)
    .bss                                     0x68000c00   Section     1024  extend.o(.bss)
    .ARM.__AT_0x68001400                     0x68001400   Section       20  api.o(.ARM.__AT_0x68001400)

    Global Symbols

    Symbol Name                              Value     Ov Type        Size  Object(Section)

    BuildAttributes$$THM_ISAv3M$S$PE$A:L22$X:L11$S22$IEEE1$IW$USESV6$~STKCKD$USESV7$~SHL$OSPACE$EBA8$MICROLIB$REQ8$PRES8$EABIv2 0x00000000   Number         0  anon$$obj.o ABSOLUTE
    __ARM_use_no_argv                        0x00000000   Number         0  main.o ABSOLUTE
    __Vectors                                0x00000000   Data           0  startup.o(RESET)
    __decompress                              - Undefined Weak Reference
    __main                                   0x00000041   Thumb Code     0  entry.o(.ARM.Collect$$$$00000000)
    _main_stk                                0x00000041   Thumb Code     0  entry2.o(.ARM.Collect$$$$00000001)
    _main_scatterload                        0x00000045   Thumb Code     0  entry5.o(.ARM.Collect$$$$00000004)
    __main_after_scatterload                 0x00000049   Thumb Code     0  entry5.o(.ARM.Collect$$$$00000004)
    _main_init                               0x00000049   Thumb Code     0  entry7.o(.ARM.Collect$$$$00000007)
    NMI_Handler                              0x00000059   Thumb Code     2  startup.o(.text)
    HardFault_Handler                        0x0000005b   Thumb Code     2  startup.o(.text)
    SVC_Handler                              0x0000005d   Thumb Code     2  startup.o(.text)
    PendSV_Handler                           0x0000005f   Thumb Code     2  startup.o(.text)
    SysTick_Handler                          0x00000061   Thumb Code     2  startup.o(.text)
    main                                     0x00000069   Thumb Code    96  main.o(.text)
    tpm_get_in_param_offset                  0x0000016f   Thumb Code   146  tpm_cmd_handler.o(.text)
    tpm_get_out_param_offset                 0x00000201   Thumb Code    32  tpm_cmd_handler.o(.text)
    tpm_engine_first_time                    0x00000221   Thumb Code    22  tpm_cmd_handler.o(.text)
    tpm_engine_init                          0x00000237   Thumb Code     8  tpm_cmd_handler.o(.text)
    tpm_engine_final                         0x0000023f   Thumb Code     8  tpm_cmd_handler.o(.text)
    tpm_emulator_shutdown                    0x00000247   Thumb Code    16  tpm_cmd_handler.o(.text)
    tpm_compute_in_param_digest              0x00000257   Thumb Code    76  tpm_cmd_handler.o(.text)
    tpm_compute_out_param_digest             0x000002a3   Thumb Code    82  tpm_cmd_handler.o(.text)
    tpm_execute_command                      0x00000937   Thumb Code   672  tpm_cmd_handler.o(.text)
    tpm_handle_command                       0x00000bd7   Thumb Code    86  tpm_cmd_handler.o(.text)
    set_nonce_rand                           0x00001009   Thumb Code    10  tpm_startup.o(.text)
    TPM_Startup                              0x00001013   Thumb Code   276  tpm_startup.o(.text)
    TPM_Init                                 0x00001127   Thumb Code    12  tpm_startup.o(.text)
    TPM_SaveState                            0x00001133   Thumb Code    28  tpm_startup.o(.text)
    debug                                    0x0000115d   Thumb Code    80  tpm_data.o(.text)
    debug_stany_flags                        0x000011ad   Thumb Code    50  tpm_data.o(.text)
    write_TPM_PERMANENT_DATA                 0x000011df   Thumb Code   160  tpm_data.o(.text)
    write_TPM_PERMANENT_DATA_nvStorage       0x0000127f   Thumb Code    14  tpm_data.o(.text)
    write_TPM_PERMANENT_DATA_nvDataSize      0x0000128d   Thumb Code    14  tpm_data.o(.text)
    write_TPM_PERMANENT_DATA_nvData_Stuff    0x0000129b   Thumb Code    72  tpm_data.o(.text)
    write_TPM_PERMANENT_DATA_cmd_durations   0x000012e3   Thumb Code     8  tpm_data.o(.text)
    write_TPM_PERMANENT_DATA_tis_timeouts    0x000012eb   Thumb Code    10  tpm_data.o(.text)
    read_TPM_STANY_FLAGS                     0x000012f5   Thumb Code    34  tpm_data.o(.text)
    read_TPM_STCLEAR_FLAGS                   0x00001317   Thumb Code    34  tpm_data.o(.text)
    read_TPM_PERMANENT_FLAGS                 0x00001339   Thumb Code    34  tpm_data.o(.text)
    restore_flags                            0x0000135b   Thumb Code    40  tpm_data.o(.text)
    write_TPM_STANY_FLAGS                    0x00001383   Thumb Code    36  tpm_data.o(.text)
    write_TPM_STCLEAR_FLAGS                  0x000013a7   Thumb Code    36  tpm_data.o(.text)
    write_TPM_PERMANENT_FLAGS                0x000013cb   Thumb Code    36  tpm_data.o(.text)
    save_flags                               0x000013ef   Thumb Code    40  tpm_data.o(.text)
    set_permanent_flags                      0x00001417   Thumb Code    32  tpm_data.o(.text)
    write_TPM_PERMANENT_DATA_keys_pubkeyFileid 0x00001437   Thumb Code    22  tpm_data.o(.text)
    write_TPM_PERMANENT_DATA_keys_keyFileid  0x0000144d   Thumb Code    24  tpm_data.o(.text)
    write_TPM_PERMANENT_DATA_keys_zero       0x00001465   Thumb Code    38  tpm_data.o(.text)
    write_TPM_PERMANENT_DATA_ekReset         0x0000148b   Thumb Code     8  tpm_data.o(.text)
    write_TPM_PERMANENT_DATA_tpmDAASeed      0x00001493   Thumb Code     8  tpm_data.o(.text)
    write_TPM_PERMANENT_DATA_ekFileid        0x0000149b   Thumb Code    14  tpm_data.o(.text)
    write_TPM_PERMANENT_DATA_pcrAttribs      0x000014a9   Thumb Code    10  tpm_data.o(.text)
    write_TPM_PERMANENT_DATA_rngState        0x000014b3   Thumb Code     8  tpm_data.o(.text)
    write_TPM_PERMANENT_DATA_version         0x000014bb   Thumb Code     8  tpm_data.o(.text)
    write_TPM_PERMANENT_DATA_tag             0x000014c3   Thumb Code    14  tpm_data.o(.text)
    tpm_init_data                            0x000014d1   Thumb Code   410  tpm_data.o(.text)
    delete_tpmdata_files                     0x0000166b   Thumb Code   154  tpm_data.o(.text)
    create_tpmdata_files                     0x00001705   Thumb Code   290  tpm_data.o(.text)
    read_TPM_PERMANENT_DATA                  0x00001827   Thumb Code   154  tpm_data.o(.text)
    read_TPM_PERMANENT_DATA_tag              0x000018c1   Thumb Code    18  tpm_data.o(.text)
    read_TPM_PERMANENT_DATA_version          0x000018d3   Thumb Code     8  tpm_data.o(.text)
    write_TPM_PERMANENT_DATA_tpmProof        0x000018db   Thumb Code    14  tpm_data.o(.text)
    read_TPM_PERMANENT_DATA_tpmProof         0x000018e9   Thumb Code     8  tpm_data.o(.text)
    write_TPM_PERMANENT_DATA_daaProof        0x000018f1   Thumb Code    14  tpm_data.o(.text)
    read_TPM_PERMANENT_DATA_counters_valid   0x000018ff   Thumb Code    26  tpm_data.o(.text)
    read_TPM_PERMANENT_DATA_counters_usageAuth 0x00001919   Thumb Code    14  tpm_data.o(.text)
    write_TPM_PERMANENT_DATA_ownerAuth       0x00001927   Thumb Code    14  tpm_data.o(.text)
    read_TPM_PERMANENT_DATA_ownerAuth        0x00001935   Thumb Code     8  tpm_data.o(.text)
    write_TPM_PERMANENT_DATA_srk             0x0000193d   Thumb Code    14  tpm_data.o(.text)
    read_TPM_PERMANENT_DATA_srk              0x0000194b   Thumb Code     8  tpm_data.o(.text)
    read_TPM_PERMANENT_DATA_srk_usageAuth    0x00001953   Thumb Code     8  tpm_data.o(.text)
    read_TPM_PERMANENT_DATA_srk_payload      0x0000195b   Thumb Code    18  tpm_data.o(.text)
    read_TPM_PERMANENT_DATA_rngState         0x0000196d   Thumb Code     8  tpm_data.o(.text)
    write_TPM_PERMANENT_DATA_keys            0x00001975   Thumb Code    22  tpm_data.o(.text)
    read_TPM_PERMANENT_DATA_keys             0x0000198b   Thumb Code    16  tpm_data.o(.text)
    write_TPM_PERMANENT_DATA_keys_payload    0x0000199b   Thumb Code    62  tpm_data.o(.text)
    read_TPM_PERMANENT_DATA_keys_payload     0x000019d9   Thumb Code    26  tpm_data.o(.text)
    read_TPM_PERMANENT_DATA_keys_keyFileid   0x000019f3   Thumb Code    28  tpm_data.o(.text)
    read_TPM_PERMANENT_DATA_keys_pubkeyFileid 0x00001a0f   Thumb Code    28  tpm_data.o(.text)
    read_TPM_PERMANENT_DATA_keys_keyControl  0x00001a2b   Thumb Code    26  tpm_data.o(.text)
    read_TPM_PERMANENT_DATA_keys_usageAuth   0x00001a45   Thumb Code    16  tpm_data.o(.text)
    read_TPM_PERMANENT_DATA_pcrAttribs       0x00001a55   Thumb Code    10  tpm_data.o(.text)
    write_TPM_PERMANENT_DATA_pcrAttrib       0x00001a5f   Thumb Code    20  tpm_data.o(.text)
    read_TPM_PERMANENT_DATA_pcrAttrib        0x00001a73   Thumb Code    14  tpm_data.o(.text)
    read_TPM_PERMANENT_DATA_ekFileid         0x00001a81   Thumb Code    18  tpm_data.o(.text)
    write_TPM_PERMANENT_DATA_contextKey      0x00001a93   Thumb Code    16  tpm_data.o(.text)
    write_TPM_PERMANENT_DATA_delegateKey     0x00001aa3   Thumb Code    16  tpm_data.o(.text)
    write_TPM_PERMANENT_DATA_daaKey          0x00001ab3   Thumb Code    16  tpm_data.o(.text)
    write_TPM_PERMANENT_DATA_nvData          0x00001ac3   Thumb Code    18  tpm_data.o(.text)
    write_TPM_PERMANENT_DATA_pcrValue        0x00001ad5   Thumb Code    22  tpm_data.o(.text)
    read_TPM_PERMANENT_DATA_pcrValue         0x00001aeb   Thumb Code    16  tpm_data.o(.text)
    write_TPM_STCLEAR_DATA                   0x00001afb   Thumb Code    34  tpm_data.o(.text)
    write_TPM_STCLEAR_DATA_tag               0x00001b1d   Thumb Code    14  tpm_data.o(.text)
    write_TPM_STCLEAR_DATA_contextNonceKey   0x00001b2b   Thumb Code     8  tpm_data.o(.text)
    write_TPM_STCLEAR_DATA_countID           0x00001b33   Thumb Code    14  tpm_data.o(.text)
    set_TPM_STCLEAR_DATA_zero                0x00001b41   Thumb Code    26  tpm_data.o(.text)
    read_TPM_STANY_DATA                      0x00001b5b   Thumb Code    34  tpm_data.o(.text)
    write_TPM_STANY_DATA                     0x00001b7d   Thumb Code    36  tpm_data.o(.text)
    set_TPM_STANY_DATA_zero                  0x00001ba1   Thumb Code    62  tpm_data.o(.text)
    write_TPM_STANY_DATA_tag                 0x00001bdf   Thumb Code    14  tpm_data.o(.text)
    write_TPM_STANY_DATA_contextNonceSession 0x00001bed   Thumb Code     8  tpm_data.o(.text)
    write_TPM_STANY_DATA_sessionsDAA         0x00001bf5   Thumb Code    16  tpm_data.o(.text)
    write_TPM_STANY_DATA_sessionsDAA_zero    0x00001c05   Thumb Code    32  tpm_data.o(.text)
    read_TPM_STANY_DATA_sessionsDAA_type     0x00001c25   Thumb Code    28  tpm_data.o(.text)
    write_TPM_STANY_DATA_sessions            0x00001c41   Thumb Code    10  tpm_data.o(.text)
    read_TPM_STANY_DATA_sessions             0x00001c4b   Thumb Code    10  tpm_data.o(.text)
    read_TPM_STANY_DATA_sessions_type        0x00001c55   Thumb Code    24  tpm_data.o(.text)
    write_TPM_STANY_DATA_sessions_type       0x00001c6d   Thumb Code    20  tpm_data.o(.text)
    write_TPM_STANY_DATA_sessions_entityType 0x00001c81   Thumb Code    20  tpm_data.o(.text)
    write_TPM_STANY_DATA_sessions_handle     0x00001c95   Thumb Code    20  tpm_data.o(.text)
    read_TPM_STANY_DATA_sessions_handle      0x00001ca9   Thumb Code    22  tpm_data.o(.text)
    write_TPM_STANY_DATA_sessions_nonceEven  0x00001cbf   Thumb Code    12  tpm_data.o(.text)
    write_TPM_STANY_DATA_sessions_sharedSecret 0x00001ccb   Thumb Code    12  tpm_data.o(.text)
    write_TPM_STANY_DATA_sessions_zero       0x00001cd7   Thumb Code    26  tpm_data.o(.text)
    write_TPM_STANY_DATA_contextList         0x00001cf1   Thumb Code    18  tpm_data.o(.text)
    read_TPM_STANY_DATA_contextList          0x00001d03   Thumb Code    20  tpm_data.o(.text)
    write_TPM_STANY_DATA_currentDAA          0x00001d17   Thumb Code    16  tpm_data.o(.text)
    read_TPM_STANY_DATA_currentDAA           0x00001d27   Thumb Code    18  tpm_data.o(.text)
    read_TPM_STANY_DATA_transExclusive       0x00001d39   Thumb Code    18  tpm_data.o(.text)
    tpm_get_key_slot                         0x00001d59   Thumb Code    18  tpm_handles.o(.text)
    tpm_get_session_slot                     0x00001d6b   Thumb Code    18  tpm_handles.o(.text)
    tpm_get_daa_slot                         0x00001d7d   Thumb Code    16  tpm_handles.o(.text)
    tpm_get_key                              0x00001d8d   Thumb Code    72  tpm_handles.o(.text)
    tpm_get_auth                             0x00001dd5   Thumb Code    48  tpm_handles.o(.text)
    tpm_get_transport                        0x00001e05   Thumb Code    40  tpm_handles.o(.text)
    tpm_get_counter                          0x00001e2d   Thumb Code    40  tpm_handles.o(.text)
    tpm_get_daa                              0x00001e55   Thumb Code    38  tpm_handles.o(.text)
    tpm_marshal_UINT32_ARRAY                 0x00001f51   Thumb Code    48  tpm_marshalling.o(.text)
    tpm_unmarshal_UINT32_ARRAY               0x00001f81   Thumb Code    46  tpm_marshalling.o(.text)
    tpm_marshal_TPM_STRUCT_VER               0x00001faf   Thumb Code    66  tpm_marshalling.o(.text)
    tpm_unmarshal_TPM_STRUCT_VER             0x00001ff1   Thumb Code    64  tpm_marshalling.o(.text)
    tpm_marshal_TPM_VERSION                  0x00002031   Thumb Code    66  tpm_marshalling.o(.text)
    tpm_unmarshal_TPM_VERSION                0x00002073   Thumb Code    64  tpm_marshalling.o(.text)
    tpm_marshal_TPM_DIGEST                   0x000020b3   Thumb Code    18  tpm_marshalling.o(.text)
    tpm_unmarshal_TPM_DIGEST                 0x000020c5   Thumb Code    18  tpm_marshalling.o(.text)
    tpm_marshal_TPM_PCRVALUE_ARRAY           0x000020d7   Thumb Code    48  tpm_marshalling.o(.text)
    tpm_unmarshal_TPM_PCRVALUE_ARRAY         0x00002107   Thumb Code    48  tpm_marshalling.o(.text)
    tpm_marshal_TPM_NONCE                    0x00002137   Thumb Code    18  tpm_marshalling.o(.text)
    tpm_unmarshal_TPM_NONCE                  0x00002149   Thumb Code    18  tpm_marshalling.o(.text)
    tpm_marshal_TPM_AUTHDATA                 0x0000215b   Thumb Code    44  tpm_marshalling.o(.text)
    tpm_unmarshal_TPM_AUTHDATA               0x00002187   Thumb Code    44  tpm_marshalling.o(.text)
    tpm_marshal_TPM_AUTH                     0x000021b3   Thumb Code    56  tpm_marshalling.o(.text)
    tpm_unmarshal_TPM_AUTH                   0x000021eb   Thumb Code    70  tpm_marshalling.o(.text)
    tpm_marshal_TPM_KEY_HANDLE_LIST          0x00002231   Thumb Code    40  tpm_marshalling.o(.text)
    tpm_marshal_TPM_CHANGEAUTH_VALIDATE      0x00002259   Thumb Code    38  tpm_marshalling.o(.text)
    tpm_unmarshal_TPM_CHANGEAUTH_VALIDATE    0x0000227f   Thumb Code    38  tpm_marshalling.o(.text)
    tpm_marshal_TPM_COUNTER_VALUE            0x000022a5   Thumb Code    54  tpm_marshalling.o(.text)
    tpm_unmarshal_TPM_COUNTER_VALUE          0x000022db   Thumb Code    54  tpm_marshalling.o(.text)
    tpm_marshal_TPM_PCR_SELECTION            0x00002311   Thumb Code    44  tpm_marshalling.o(.text)
    tpm_unmarshal_TPM_PCR_SELECTION          0x0000233d   Thumb Code    42  tpm_marshalling.o(.text)
    tpm_marshal_TPM_PCR_COMPOSITE            0x00002367   Thumb Code    70  tpm_marshalling.o(.text)
    tpm_unmarshal_TPM_PCR_COMPOSITE          0x000023ad   Thumb Code    72  tpm_marshalling.o(.text)
    tpm_marshal_TPM_PCR_INFO                 0x000023f5   Thumb Code   158  tpm_marshalling.o(.text)
    tpm_unmarshal_TPM_PCR_INFO               0x00002493   Thumb Code   204  tpm_marshalling.o(.text)
    tpm_marshal_TPM_PCR_INFO_SHORT           0x0000255f   Thumb Code    50  tpm_marshalling.o(.text)
    tpm_unmarshal_TPM_PCR_INFO_SHORT         0x00002591   Thumb Code    50  tpm_marshalling.o(.text)
    tpm_marshal_TPM_PCR_ATTRIBUTES           0x000025c3   Thumb Code    52  tpm_marshalling.o(.text)
    tpm_unmarshal_TPM_PCR_ATTRIBUTES         0x000025f7   Thumb Code    50  tpm_marshalling.o(.text)
    tpm_marshal_TPM_STORED_DATA              0x00002629   Thumb Code   104  tpm_marshalling.o(.text)
    tpm_unmarshal_TPM_STORED_DATA            0x00002691   Thumb Code   106  tpm_marshalling.o(.text)
    tpm_marshal_TPM_SEALED_DATA              0x000026fb   Thumb Code   100  tpm_marshalling.o(.text)
    tpm_unmarshal_TPM_SEALED_DATA            0x0000275f   Thumb Code   102  tpm_marshalling.o(.text)
    tpm_marshal_TPM_SYMMETRIC_KEY            0x000027c5   Thumb Code    68  tpm_marshalling.o(.text)
    tpm_unmarshal_TPM_SYMMETRIC_KEY          0x00002809   Thumb Code    68  tpm_marshalling.o(.text)
    tpm_marshal_TPM_SYMMETRIC_KEY_PARMS      0x0000284d   Thumb Code    68  tpm_marshalling.o(.text)
    tpm_unmarshal_TPM_SYMMETRIC_KEY_PARMS    0x00002891   Thumb Code    70  tpm_marshalling.o(.text)
    tpm_marshal_TPM_RSA_KEY_PARMS            0x000028d7   Thumb Code    68  tpm_marshalling.o(.text)
    tpm_unmarshal_TPM_RSA_KEY_PARMS          0x0000291b   Thumb Code    70  tpm_marshalling.o(.text)
    tpm_marshal_TPM_KEY_PARMS                0x00002961   Thumb Code   126  tpm_marshalling.o(.text)
    tpm_unmarshal_TPM_KEY_PARMS              0x000029df   Thumb Code   124  tpm_marshalling.o(.text)
    tpm_marshal_TPM_STORE_PUBKEY             0x00002a5b   Thumb Code    40  tpm_marshalling.o(.text)
    tpm_unmarshal_TPM_STORE_PUBKEY           0x00002a83   Thumb Code    38  tpm_marshalling.o(.text)
    tpm_marshal_TPM_KEY                      0x00002aa9   Thumb Code   178  tpm_marshalling.o(.text)
    tpm_unmarshal_TPM_KEY                    0x00002b5b   Thumb Code   186  tpm_marshalling.o(.text)
    tpm_marshal_TPM_PUBKEY                   0x00002c15   Thumb Code    38  tpm_marshalling.o(.text)
    tpm_unmarshal_TPM_PUBKEY                 0x00002c3b   Thumb Code    38  tpm_marshalling.o(.text)
    tpm_marshal_TPM_STORE_PRIVKEY            0x00002c61   Thumb Code    40  tpm_marshalling.o(.text)
    tpm_unmarshal_TPM_STORE_PRIVKEY          0x00002c89   Thumb Code    38  tpm_marshalling.o(.text)
    tpm_marshal_TPM_STORE_ASYMKEY            0x00002caf   Thumb Code    86  tpm_marshalling.o(.text)
    tpm_unmarshal_TPM_STORE_ASYMKEY          0x00002d05   Thumb Code    84  tpm_marshalling.o(.text)
    tpm_marshal_TPM_MIGRATIONKEYAUTH         0x00002d59   Thumb Code    52  tpm_marshalling.o(.text)
    tpm_unmarshal_TPM_MIGRATIONKEYAUTH       0x00002d8d   Thumb Code    54  tpm_marshalling.o(.text)
    tpm_marshal_TPM_CERTIFY_INFO             0x00002dc3   Thumb Code   248  tpm_marshalling.o(.text)
    tpm_unmarshal_TPM_CERTIFY_INFO           0x00002ebb   Thumb Code   260  tpm_marshalling.o(.text)
    tpm_marshal_TPM_IDENTITY_CONTENTS        0x00002fbf   Thumb Code    68  tpm_marshalling.o(.text)
    tpm_unmarshal_TPM_IDENTITY_CONTENTS      0x00003003   Thumb Code    68  tpm_marshalling.o(.text)
    tpm_marshal_TPM_CURRENT_TICKS            0x00003047   Thumb Code    68  tpm_marshalling.o(.text)
    tpm_unmarshal_TPM_CURRENT_TICKS          0x0000308b   Thumb Code    68  tpm_marshalling.o(.text)
    tpm_marshal_TPM_TRANSPORT_PUBLIC         0x000030cf   Thumb Code    66  tpm_marshalling.o(.text)
    tpm_unmarshal_TPM_TRANSPORT_PUBLIC       0x00003111   Thumb Code    68  tpm_marshalling.o(.text)
    tpm_marshal_TPM_TRANSPORT_INTERNAL       0x00003155   Thumb Code   100  tpm_marshalling.o(.text)
    tpm_unmarshal_TPM_TRANSPORT_INTERNAL     0x000031b9   Thumb Code   100  tpm_marshalling.o(.text)
    tpm_marshal_TPM_CONTEXT_BLOB             0x0000321d   Thumb Code   160  tpm_marshalling.o(.text)
    tpm_unmarshal_TPM_CONTEXT_BLOB           0x000032bd   Thumb Code   170  tpm_marshalling.o(.text)
    tpm_marshal_TPM_DAA_BLOB                 0x00003367   Thumb Code   132  tpm_marshalling.o(.text)
    tpm_unmarshal_TPM_DAA_BLOB               0x000033eb   Thumb Code   138  tpm_marshalling.o(.text)
    tpm_marshal_TPM_DAA_SENSITIVE            0x00003475   Thumb Code    54  tpm_marshalling.o(.text)
    tpm_unmarshal_TPM_DAA_SENSITIVE          0x000034ab   Thumb Code    52  tpm_marshalling.o(.text)
    tpm_marshal_TPM_DAA_ISSUER               0x000034df   Thumb Code   136  tpm_marshalling.o(.text)
    tpm_unmarshal_TPM_DAA_ISSUER             0x00003567   Thumb Code   134  tpm_marshalling.o(.text)
    tpm_marshal_TPM_DAA_TPM                  0x000035ed   Thumb Code   100  tpm_marshalling.o(.text)
    tpm_unmarshal_TPM_DAA_TPM                0x00003651   Thumb Code   100  tpm_marshalling.o(.text)
    tpm_marshal_TPM_DAA_CONTEXT              0x000036b5   Thumb Code   108  tpm_marshalling.o(.text)
    tpm_unmarshal_TPM_DAA_CONTEXT            0x00003721   Thumb Code   106  tpm_marshalling.o(.text)
    tpm_marshal_TPM_DAA_JOINDATA             0x0000378b   Thumb Code    60  tpm_marshalling.o(.text)
    tpm_unmarshal_TPM_DAA_JOINDATA           0x000037c7   Thumb Code    60  tpm_marshalling.o(.text)
    tpm_marshal_TPM_DAA_SESSION_DATA         0x00003803   Thumb Code   108  tpm_marshalling.o(.text)
    tpm_unmarshal_TPM_DAA_SESSION_DATA       0x0000386f   Thumb Code   104  tpm_marshalling.o(.text)
    tpm_marshal_TPM_MSA_COMPOSITE            0x000038d7   Thumb Code    62  tpm_marshalling.o(.text)
    tpm_unmarshal_TPM_MSA_COMPOSITE          0x00003915   Thumb Code    66  tpm_marshalling.o(.text)
    tpm_marshal_TPM_CMK_AUTH                 0x00003957   Thumb Code    54  tpm_marshalling.o(.text)
    tpm_unmarshal_TPM_CMK_AUTH               0x0000398d   Thumb Code    54  tpm_marshalling.o(.text)
    tpm_marshal_TPM_SELECT_SIZE              0x000039c3   Thumb Code    52  tpm_marshalling.o(.text)
    tpm_unmarshal_TPM_SELECT_SIZE            0x000039f7   Thumb Code    50  tpm_marshalling.o(.text)
    tpm_marshal_TPM_CAP_VERSION_INFO         0x00003a29   Thumb Code   152  tpm_marshalling.o(.text)
    tpm_unmarshal_TPM_CAP_VERSION_INFO       0x00003ac1   Thumb Code   164  tpm_marshalling.o(.text)
    tpm_marshal_TPM_ASYM_CA_CONTENTS         0x00003b65   Thumb Code    38  tpm_marshalling.o(.text)
    tpm_unmarshal_TPM_ASYM_CA_CONTENTS       0x00003b8b   Thumb Code    38  tpm_marshalling.o(.text)
    tpm_marshal_TPM_QUOTE_INFO2              0x00003bb1   Thumb Code   110  tpm_marshalling.o(.text)
    tpm_unmarshal_TPM_QUOTE_INFO2            0x00003c1f   Thumb Code   108  tpm_marshalling.o(.text)
    tpm_marshal_TPM_EK_BLOB                  0x00003c8b   Thumb Code    68  tpm_marshalling.o(.text)
    tpm_unmarshal_TPM_EK_BLOB                0x00003ccf   Thumb Code    68  tpm_marshalling.o(.text)
    tpm_marshal_TPM_EK_BLOB_ACTIVATE         0x00003d13   Thumb Code    70  tpm_marshalling.o(.text)
    tpm_unmarshal_TPM_EK_BLOB_ACTIVATE       0x00003d59   Thumb Code    68  tpm_marshalling.o(.text)
    tpm_marshal_TPM_NV_ATTRIBUTES            0x00003d9d   Thumb Code    38  tpm_marshalling.o(.text)
    tpm_unmarshal_TPM_NV_ATTRIBUTES          0x00003dc3   Thumb Code    36  tpm_marshalling.o(.text)
    tpm_marshal_TPM_NV_DATA_PUBLIC           0x00003de7   Thumb Code   144  tpm_marshalling.o(.text)
    tpm_unmarshal_TPM_NV_DATA_PUBLIC         0x00003e77   Thumb Code   148  tpm_marshalling.o(.text)
    tpm_marshal_TPM_NV_DATA_SENSITIVE        0x00003f0b   Thumb Code    68  tpm_marshalling.o(.text)
    tpm_unmarshal_TPM_NV_DATA_SENSITIVE      0x00003f4f   Thumb Code    68  tpm_marshalling.o(.text)
    tpm_marshal_TPM_DELEGATIONS              0x00003f93   Thumb Code    66  tpm_marshalling.o(.text)
    tpm_unmarshal_TPM_DELEGATIONS            0x00003fd5   Thumb Code    68  tpm_marshalling.o(.text)
    tpm_marshal_TPM_FAMILY_LABEL             0x00004019   Thumb Code    18  tpm_marshalling.o(.text)
    tpm_unmarshal_TPM_FAMILY_LABEL           0x0000402b   Thumb Code    16  tpm_marshalling.o(.text)
    tpm_marshal_TPM_FAMILY_TABLE_ENTRY       0x0000403b   Thumb Code    80  tpm_marshalling.o(.text)
    tpm_unmarshal_TPM_FAMILY_TABLE_ENTRY     0x0000408b   Thumb Code    82  tpm_marshalling.o(.text)
    tpm_marshal_TPM_DELEGATE_LABEL           0x000040dd   Thumb Code    18  tpm_marshalling.o(.text)
    tpm_unmarshal_TPM_DELEGATE_LABEL         0x000040ef   Thumb Code    16  tpm_marshalling.o(.text)
    tpm_marshal_TPM_DELEGATE_PUBLIC          0x000040ff   Thumb Code    96  tpm_marshalling.o(.text)
    tpm_unmarshal_TPM_DELEGATE_PUBLIC        0x0000415f   Thumb Code    98  tpm_marshalling.o(.text)
    tpm_marshal_TPM_DELEGATE_PUBLIC_ARRAY    0x000041c1   Thumb Code    50  tpm_marshalling.o(.text)
    tpm_unmarshal_TPM_DELEGATE_PUBLIC_ARRAY  0x000041f3   Thumb Code    48  tpm_marshalling.o(.text)
    tpm_marshal_TPM_DELEGATE_TABLE_ROW       0x00004223   Thumb Code    54  tpm_marshalling.o(.text)
    tpm_unmarshal_TPM_DELEGATE_TABLE_ROW     0x00004259   Thumb Code    52  tpm_marshalling.o(.text)
    tpm_marshal_TPM_DELEGATE_SENSITIVE       0x0000428d   Thumb Code    38  tpm_marshalling.o(.text)
    tpm_unmarshal_TPM_DELEGATE_SENSITIVE     0x000042b3   Thumb Code    36  tpm_marshalling.o(.text)
    tpm_marshal_TPM_DELEGATE_OWNER_BLOB      0x000042d7   Thumb Code   114  tpm_marshalling.o(.text)
    tpm_unmarshal_TPM_DELEGATE_OWNER_BLOB    0x00004349   Thumb Code   120  tpm_marshalling.o(.text)
    tpm_marshal_TPM_DELEGATE_KEY_BLOB        0x000043c1   Thumb Code   130  tpm_marshalling.o(.text)
    tpm_unmarshal_TPM_DELEGATE_KEY_BLOB      0x00004443   Thumb Code   136  tpm_marshalling.o(.text)
    tpm_marshal_TPM_PERMANENT_FLAGS          0x000044cb   Thumb Code   308  tpm_marshalling.o(.text)
    tpm_unmarshal_TPM_PERMANENT_FLAGS        0x000045ff   Thumb Code   334  tpm_marshalling.o(.text)
    tpm_marshal_TPM_STCLEAR_FLAGS            0x0000474d   Thumb Code    94  tpm_marshalling.o(.text)
    tpm_unmarshal_TPM_STCLEAR_FLAGS          0x000047ab   Thumb Code    92  tpm_marshalling.o(.text)
    tpm_marshal_TPM_STANY_FLAGS              0x00004807   Thumb Code    80  tpm_marshalling.o(.text)
    tpm_unmarshal_TPM_STANY_FLAGS            0x00004857   Thumb Code    82  tpm_marshalling.o(.text)
    tpm_marshal_TPM_STCLEAR_DATA             0x000048a9   Thumb Code    96  tpm_marshalling.o(.text)
    tpm_unmarshal_TPM_STCLEAR_DATA           0x00004909   Thumb Code   100  tpm_marshalling.o(.text)
    tpm_marshal_TPM_SESSION_DATA             0x0000496d   Thumb Code   162  tpm_marshalling.o(.text)
    tpm_unmarshal_TPM_SESSION_DATA           0x00004a0f   Thumb Code   164  tpm_marshalling.o(.text)
    tpm_marshal_TPM_STANY_DATA               0x00004ab3   Thumb Code   214  tpm_marshalling.o(.text)
    tpm_unmarshal_TPM_STANY_DATA             0x00004b89   Thumb Code   214  tpm_marshalling.o(.text)
    tpm_marshal_TPM_RESPONSE                 0x00004c5f   Thumb Code   118  tpm_marshalling.o(.text)
    tpm_unmarshal_TPM_REQUEST                0x00004cd5   Thumb Code   204  tpm_marshalling.o(.text)
    TPM_OIAP                                 0x00004ee1   Thumb Code    48  tpm_authorization.o(.text)
    TPM_OSAP                                 0x00004f11   Thumb Code   290  tpm_authorization.o(.text)
    tpm_verify_auth                          0x00005033   Thumb Code   222  tpm_authorization.o(.text)
    tpm_decrypt_auth_secret                  0x00005111   Thumb Code    66  tpm_authorization.o(.text)
    tpm_get_free_session                     0x0000515d   Thumb Code    54  tpm_context.o(.text)
    tpm_invalidate_sessions                  0x00005193   Thumb Code    50  tpm_context.o(.text)
    TPM_FlushSpecific                        0x000051c5   Thumb Code   162  tpm_eviction.o(.text)
    TPM_TakeOwnership                        0x00005269   Thumb Code   414  tpm_owner.o(.text)
    tpm_get_free_key                         0x00005419   Thumb Code    42  tpm_storage.o(.text)
    tpm_rsa_import_key                       0x00005443   Thumb Code   112  tpm_storage.o(.text)
    tpm_encrypt_private_key                  0x000054b3   Thumb Code   148  tpm_storage.o(.text)
    tpm_encrypt_private_key_new              0x00005547   Thumb Code   144  tpm_storage.o(.text)
    tpm_decrypt_private_key                  0x000055d7   Thumb Code   110  tpm_storage.o(.text)
    tpm_decrypt_private_key_new              0x00005645   Thumb Code   104  tpm_storage.o(.text)
    tpm_rsa_decrypt                          0x000056ad   Thumb Code    58  tpm_storage.o(.text)
    tpm_compute_key_digest                   0x000056e7   Thumb Code   102  tpm_storage.o(.text)
    tpm_extract_pubkey                       0x0000574d   Thumb Code    66  tpm_storage.o(.text)
    TPM_UnBind                               0x0000578f   Thumb Code   248  tpm_storage.o(.text)
    TPM_CreateWrapKey                        0x00005887   Thumb Code   370  tpm_storage.o(.text)
    TPM_LoadKey                              0x000059f9   Thumb Code   394  tpm_storage.o(.text)
    TPM_LoadKey2                             0x00005b83   Thumb Code     2  tpm_storage.o(.text)
    TPM_GetPubKey                            0x00005b85   Thumb Code   114  tpm_storage.o(.text)
    tpm_setup_key_parms                      0x00005c0d   Thumb Code    32  tpm_crypto.o(.text)
    TPM_CertifyKey                           0x00005c2d   Thumb Code   542  tpm_crypto.o(.text)
    TPM_MakeIdentity                         0x00005e55   Thumb Code   600  tpm_identity.o(.text)
    TPM_Extend                               0x000060bd   Thumb Code   126  tpm_integrity.o(.text)
    TPM_PCRRead                              0x0000613b   Thumb Code    38  tpm_integrity.o(.text)
    tpm_compute_pcr_digest                   0x00006161   Thumb Code   208  tpm_integrity.o(.text)
    TPM_Quote                                0x00006231   Thumb Code   192  tpm_integrity.o(.text)
    tpm_hmac_init                            0x0000630d   Thumb Code   130  hmac.o(.text)
    tpm_hmac_update                          0x0000638f   Thumb Code     8  hmac.o(.text)
    tpm_hmac_final                           0x00006397   Thumb Code    48  hmac.o(.text)
    tpm_sha1_init                            0x00007381   Thumb Code    32  sha1.o(.text)
    tpm_sha1_update                          0x000073a1   Thumb Code   110  sha1.o(.text)
    tpm_sha1_update_be32                     0x0000740f   Thumb Code    28  sha1.o(.text)
    tpm_sha1_final                           0x0000742b   Thumb Code   150  sha1.o(.text)
    __aeabi_memcpy                           0x000074cd   Thumb Code    32  memcpya.o(.text)
    __aeabi_memcpy4                          0x000074ed   Thumb Code     2  memcpya.o(.text)
    __aeabi_memcpy8                          0x000074ef   Thumb Code     2  memcpya.o(.text)
    __aeabi_memmove                          0x000074f1   Thumb Code    58  memmovea.o(.text)
    __aeabi_memmove4                         0x0000752b   Thumb Code     2  memmovea.o(.text)
    __aeabi_memmove8                         0x0000752d   Thumb Code     2  memmovea.o(.text)
    memcmp                                   0x0000752f   Thumb Code    58  memcmp.o(.text)
    create_file                              0x00007569   Thumb Code    24  api.o(.text)
    read_file                                0x00007581   Thumb Code    28  api.o(.text)
    write_file                               0x0000759d   Thumb Code    28  api.o(.text)
    delete_file                              0x000075b9   Thumb Code    20  api.o(.text)
    get_keyinfo                              0x000075cd   Thumb Code    18  api.o(.text)
    led_control                              0x000075df   Thumb Code    18  api.o(.text)
    get_random                               0x000075f1   Thumb Code    20  api.o(.text)
    get_tickcount                            0x00007605   Thumb Code    18  api.o(.text)
    get_realtime                             0x00007617   Thumb Code    18  api.o(.text)
    get_expiretime                           0x00007629   Thumb Code    18  api.o(.text)
    get_sharememory                          0x0000763b   Thumb Code    18  api.o(.text)
    set_sharememory                          0x0000764d   Thumb Code    18  api.o(.text)
    rsa_genkey                               0x0000765f   Thumb Code    20  api.o(.text)
    rsa_pri                                  0x00007673   Thumb Code    34  api.o(.text)
    rsa_pub                                  0x00007695   Thumb Code    34  api.o(.text)
    ecc_genkey                               0x000076b7   Thumb Code    20  api.o(.text)
    ecc_sign                                 0x000076cb   Thumb Code    30  api.o(.text)
    ecc_verify                               0x000076e9   Thumb Code    24  api.o(.text)
    sm2_genkey                               0x00007701   Thumb Code    20  api.o(.text)
    sm2_sign                                 0x00007715   Thumb Code    30  api.o(.text)
    sm2_verify                               0x00007733   Thumb Code    24  api.o(.text)
    tdes                                     0x0000774b   Thumb Code    24  api.o(.text)
    sm4                                      0x00007763   Thumb Code    24  api.o(.text)
    sha1                                     0x0000777b   Thumb Code    20  api.o(.text)
    sm3                                      0x0000778f   Thumb Code    20  api.o(.text)
    seed                                     0x000077a3   Thumb Code    20  api.o(.text)
    get_pinstate                             0x000077b7   Thumb Code    18  api.o(.text)
    image_relocation                         0x000077d1   Thumb Code    16  image_relocation.o(.text)
    __aeabi_uidiv                            0x000077e5   Thumb Code     0  uidiv.o(.text)
    __aeabi_uidivmod                         0x000077e5   Thumb Code    44  uidiv.o(.text)
    __aeabi_memset                           0x00007811   Thumb Code    14  memseta.o(.text)
    __aeabi_memset4                          0x00007811   Thumb Code     0  memseta.o(.text)
    __aeabi_memset8                          0x00007811   Thumb Code     0  memseta.o(.text)
    __aeabi_memclr                           0x0000781f   Thumb Code     4  memseta.o(.text)
    __aeabi_memclr4                          0x0000781f   Thumb Code     0  memseta.o(.text)
    __aeabi_memclr8                          0x0000781f   Thumb Code     0  memseta.o(.text)
    _memset$wrapper                          0x00007823   Thumb Code    20  memseta.o(.text)
    __aeabi_uread4                           0x00007837   Thumb Code    20  uread4.o(.text)
    __rt_uread4                              0x00007837   Thumb Code     0  uread4.o(.text)
    _uread4                                  0x00007837   Thumb Code     0  uread4.o(.text)
    __scatterload                            0x0000784d   Thumb Code    28  init.o(.text)
    __scatterload_rt2                        0x0000784d   Thumb Code     0  init.o(.text)
    __ARM_common_switch8                     0x00007871   Thumb Code    26  tpm_cmd_handler.o(i.__ARM_common_switch8)
    free                                     0x0000788d   Thumb Code    94  mallocr.o(i.__free$realloc)
    malloc                                   0x000078f1   Thumb Code    54  mallocr.o(i.__malloc$realloc)
    __scatterload_copy                       0x00007939   Thumb Code    14  handlers.o(i.__scatterload_copy)
    __scatterload_null                       0x00007947   Thumb Code     2  handlers.o(i.__scatterload_null)
    __scatterload_zeroinit                   0x00007949   Thumb Code    14  handlers.o(i.__scatterload_zeroinit)
    realloc                                  0x000079a1   Thumb Code   114  mallocr.o(i.realloc)
    Region$$Table$$Base                      0x00007a18   Number         0  anon$$obj.o(Region$$Table)
    Region$$Table$$Limit                     0x00007a48   Number         0  anon$$obj.o(Region$$Table)
    InOutBuf                                 0x68000000   Data        1024  system.o(.bss)
    pInOutBuf                                0x68000400   Data           4  main.o(.data)
    originInOutBuf                           0x68000404   Data           4  main.o(.data)
    stclearFlags                             0x68000408   Data           8  tpm_data.o(.data)
    __microlib_freelist                      0x68000410   Data           4  mvars.o(.data)
    __microlib_freelist_initialised          0x68000414   Data           4  mvars.o(.data)
    permanentFlags                           0x68000418   Data          26  tpm_data.o(.bss)
    stanyFlags                               0x68000434   Data          12  tpm_data.o(.bss)
    __heap_base                              0x68000440   Data           0  startup.o(HEAP)
    __heap_limit                             0x68000440   Data           0  startup.o(HEAP)
    __initial_sp                             0x68000b40   Data           0  startup.o(STACK)
    ExtendBuf                                0x68000c00   Data        1024  extend.o(.bss)
    g_FEI                                    0x68001400   Data          20  api.o(.ARM.__AT_0x68001400)



==============================================================================

Memory Map of the image

  Image Entry point : 0x00000041

  Load Region LR_IROM1 (Base: 0x00000000, Size: 0x00007a60, Max: 0x00010000, ABSOLUTE)

    Execution Region ER_IROM1 (Base: 0x00000000, Size: 0x00007a48, Max: 0x00010000, ABSOLUTE)

    Base Addr    Size         Type   Attr      Idx    E Section Name        Object

    0x00000000   0x00000040   Data   RO            3    RESET               startup.o
    0x00000040   0x00000000   Code   RO          420  * .ARM.Collect$$$$00000000  mc_p.l(entry.o)(mc_p.l)
    0x00000040   0x00000004   Code   RO          457    .ARM.Collect$$$$00000001  mc_p.l(entry2.o)(mc_p.l)
    0x00000044   0x00000004   Code   RO          460    .ARM.Collect$$$$00000004  mc_p.l(entry5.o)(mc_p.l)
    0x00000048   0x00000008   Code   RO          461    .ARM.Collect$$$$00000007  mc_p.l(entry7.o)(mc_p.l)
    0x00000050   0x00000004   Code   RO          458    .ARM.Collect$$$$00002712  mc_p.l(entry2.o)(mc_p.l)
    0x00000054   0x00000014   Code   RO            4    .text               startup.o
    0x00000068   0x00000068   Code   RO           10    .text               main.o
    0x000000d0   0x00000f38   Code   RO           70    .text               tpm_cmd_handler.o
    0x00001008   0x00000154   Code   RO          119    .text               tpm_startup.o
    0x0000115c   0x00000bfc   Code   RO          135    .text               tpm_data.o
    0x00001d58   0x00000128   Code   RO          155    .text               tpm_handles.o
    0x00001e80   0x00003060   Code   RO          167    .text               tpm_marshalling.o
    0x00004ee0   0x0000027c   Code   RO          183    .text               tpm_authorization.o
    0x0000515c   0x00000068   Code   RO          198    .text               tpm_context.o
    0x000051c4   0x000000a2   Code   RO          210    .text               tpm_eviction.o
    0x00005266   0x00000002   PAD
    0x00005268   0x000001b0   Code   RO          222    .text               tpm_owner.o
    0x00005418   0x000007f4   Code   RO          234    .text               tpm_storage.o
    0x00005c0c   0x00000248   Code   RO          253    .text               tpm_crypto.o
    0x00005e54   0x00000268   Code   RO          266    .text               tpm_identity.o
    0x000060bc   0x00000250   Code   RO          279    .text               tpm_integrity.o
    0x0000630c   0x000000ba   Code   RO          292    .text               hmac.o
    0x000063c6   0x00000002   PAD
    0x000063c8   0x00001104   Code   RO          310    .text               sha1.o
    0x000074cc   0x00000024   Code   RO          322    .text               RockeyLibc.lib(memcpya.o)(RockeyLibc.lib)
    0x000074f0   0x0000003e   Code   RO          360    .text               RockeyLibc.lib(memmovea.o)(RockeyLibc.lib)
    0x0000752e   0x0000003a   Code   RO          372    .text               RockeyLibc.lib(memcmp.o)(RockeyLibc.lib)
    0x00007568   0x00000268   Code   RO          384    .text               FTRX.lib(api.o)(FTRX.lib)
    0x000077d0   0x00000014   Code   RO          408    .text               RockeyLibc.lib(image_relocation.o)(RockeyLibc.lib)
    0x000077e4   0x0000002c   Code   RO          423    .text               mc_p.l(uidiv.o)(mc_p.l)
    0x00007810   0x00000026   Code   RO          425    .text               mc_p.l(memseta.o)(mc_p.l)
    0x00007836   0x00000014   Code   RO          455    .text               mc_p.l(uread4.o)(mc_p.l)
    0x0000784a   0x00000002   PAD
    0x0000784c   0x00000024   Code   RO          464    .text               mc_p.l(init.o)(mc_p.l)
    0x00007870   0x0000001a   Code   RO           79    i.__ARM_common_switch8  tpm_cmd_handler.o
    0x0000788a   0x00000002   PAD
    0x0000788c   0x00000064   Code   RO          431    i.__free$realloc    mc_p.l(mallocr.o)(mc_p.l)
    0x000078f0   0x00000048   Code   RO          432    i.__malloc$realloc  mc_p.l(mallocr.o)(mc_p.l)
    0x00007938   0x0000000e   Code   RO          468    i.__scatterload_copy  mc_p.l(handlers.o)(mc_p.l)
    0x00007946   0x00000002   Code   RO          469    i.__scatterload_null  mc_p.l(handlers.o)(mc_p.l)
    0x00007948   0x0000000e   Code   RO          470    i.__scatterload_zeroinit  mc_p.l(handlers.o)(mc_p.l)
    0x00007956   0x00000002   PAD
    0x00007958   0x00000048   Code   RO          433    i.internal_alloc    mc_p.l(mallocr.o)(mc_p.l)
    0x000079a0   0x00000078   Code   RO          434    i.realloc           mc_p.l(mallocr.o)(mc_p.l)
    0x00007a18   0x00000030   Data   RO          466    Region$$Table       anon$$obj.o


    Execution Region RW_IRAM2 (Base: 0x68000000, Size: 0x00000400, Max: 0x00000400, ABSOLUTE, UNINIT)

    Base Addr    Size         Type   Attr      Idx    E Section Name        Object

    0x68000000   0x00000400   Zero   RW           56    .bss                system.o


    Execution Region RW_IRAM1 (Base: 0x68000400, Size: 0x00000740, Max: 0x00000800, ABSOLUTE)

    Base Addr    Size         Type   Attr      Idx    E Section Name        Object

    0x68000400   0x00000008   Data   RW           11    .data               main.o
    0x68000408   0x00000008   Data   RW          137    .data               tpm_data.o
    0x68000410   0x00000004   Data   RW          462    .data               mc_p.l(mvars.o)(mc_p.l)
    0x68000414   0x00000004   Data   RW          463    .data               mc_p.l(mvars.o)(mc_p.l)
    0x68000418   0x00000028   Zero   RW          136    .bss                tpm_data.o
    0x68000440   0x00000000   Zero   RW            2    HEAP                startup.o
    0x68000440   0x00000700   Zero   RW            1    STACK               startup.o


    Execution Region RW_RAM1 (Base: 0x68000c00, Size: 0x00000400, Max: 0x00000400, ABSOLUTE)

    Base Addr    Size         Type   Attr      Idx    E Section Name        Object

    0x68000c00   0x00000400   Zero   RW           63    .bss                extend.o



  Load Region LR$$.ARM.__AT_0x68001400 (Base: 0x68001400, Size: 0x00000000, Max: 0x00000014, ABSOLUTE)

    Execution Region ER$$.ARM.__AT_0x68001400 (Base: 0x68001400, Size: 0x00000014, Max: 0x00000014, ABSOLUTE, UNINIT)

    Base Addr    Size         Type   Attr      Idx    E Section Name        Object

    0x68001400   0x00000014   Zero   RW          385    .ARM.__AT_0x68001400  FTRX.lib(api.o)(FTRX.lib)


==============================================================================

Image component sizes


      Code (inc. data)   RO Data    RW Data    ZI Data      Debug   Object Name

         0          0          0          0       1024          0   extend.o
       186          0          0          0          0          0   hmac.o
       104          8          0          8          0          0   main.o
      4356         32          0          0          0          0   sha1.o
        20          6         64          0       1792          0   startup.o
         0          0          0          0       1024          0   system.o
       636         10          0          0          0          0   tpm_authorization.o
      3922        114          0          0          0          0   tpm_cmd_handler.o
       104          0          0          0          0          0   tpm_context.o
       584         10          0          0          0          0   tpm_crypto.o
      3068         92          0          8         40          0   tpm_data.o
       162         12          0          0          0          0   tpm_eviction.o
       296         16          0          0          0          0   tpm_handles.o
       616         16          0          0          0          0   tpm_identity.o
       592         28          0          0          0          0   tpm_integrity.o
     12384         30          0          0          0          0   tpm_marshalling.o
       432         18          0          0          0          0   tpm_owner.o
       340         14          0          0          0          0   tpm_startup.o
      2036         48          0          0          0          0   tpm_storage.o

    ----------------------------------------------------------------------
     29844        454        112         16       3880          0   Object Totals
         0          0         48          0          0          0   (incl. Generated)
         6          0          0          0          0          2   (incl. Padding)

    ----------------------------------------------------------------------

      Code (inc. data)   RO Data    RW Data    ZI Data      Debug   Library Member Name

       616          8          0          0         20          0   api.o
        20          4          0          0          0          0   image_relocation.o
        58          0          0          0          0          0   memcmp.o
        36          0          0          0          0          0   memcpya.o
        62          0          0          0          0          0   memmovea.o
         0          0          0          0          0          0   entry.o
         8          4          0          0          0          0   entry2.o
         4          0          0          0          0          0   entry5.o
         8          4          0          0          0          0   entry7.o
        30          0          0          0          0          0   handlers.o
        36          8          0          0          0          0   init.o
       364         36          0          0          0          0   mallocr.o
        38          0          0          0          0          0   memseta.o
         0          0          0          8          0          0   mvars.o
        44          0          0          0          0          0   uidiv.o
        20          0          0          0          0          0   uread4.o

    ----------------------------------------------------------------------
      1348         64          0          8         20          0   Library Totals
         4          0          0          0          0          0   (incl. Padding)

    ----------------------------------------------------------------------

      Code (inc. data)   RO Data    RW Data    ZI Data      Debug   Library Name

       616          8          0          0         20      10209   FTRX.lib
       176          4          0          0          0       5019   RockeyLibc.lib
       552         52          0          8          0        608   mc_p.l

    ----------------------------------------------------------------------
      1348         64          0          8         20          0   Library Totals

    ----------------------------------------------------------------------

==============================================================================


      Code (inc. data)   RO Data    RW Data    ZI Data      Debug   

     31192        518        112         24       3900     203808   Grand Totals
     31192        518        112         24       3900     203808   ELF Image Totals
     31192        518        112         24          0          0   ROM Totals

==============================================================================

    Total RO  Size (Code + RO Data)                31304 (  30.57kB)
    Total RW  Size (RW Data + ZI Data)              3924 (   3.83kB)
    Total ROM Size (Code + RO Data + RW Data)      31328 (  30.59kB)

==============================================================================

