<html>
<body>
<pre>
<h1>µVision Build Log</h1>
<h2>Project:</h2>
F:\demo-ukey-arm\demo.uvproj
Project File Date:  11/22/2014

<h2>Output:</h2>
Build target 'demo'
compiling tpm_storage.c...
linking...
Program Size: Code=28060 RO-data=112 RW-data=24 ZI-data=3900  
User command #1: fromelf.exe --bin -o ./demo.bin ./demo.axf
"demo.axf" - 0 Error(s), 0 Warning(s).
Build target 'demo'
compiling tpm_storage.c...
linking...
Program Size: Code=28060 RO-data=112 RW-data=24 ZI-data=3900  
User command #1: fromelf.exe --bin -o ./demo.bin ./demo.axf
"demo.axf" - 0 Error(s), 0 Warning(s).
Build target 'demo'
linking...
Program Size: Code=28060 RO-data=112 RW-data=24 ZI-data=3900  
User command #1: fromelf.exe --bin -o ./demo.bin ./demo.axf
"demo.axf" - 0 Error(s), 0 Warning(s).
Build target 'demo'
compiling tpm_data.c...
compiling tpm_storage.c...
linking...
Program Size: Code=28080 RO-data=112 RW-data=24 ZI-data=3900  
User command #1: fromelf.exe --bin -o ./demo.bin ./demo.axf
"demo.axf" - 0 Error(s), 0 Warning(s).
Build target 'demo'
linking...
Program Size: Code=28080 RO-data=112 RW-data=24 ZI-data=3900  
User command #1: fromelf.exe --bin -o ./demo.bin ./demo.axf
"demo.axf" - 0 Error(s), 0 Warning(s).
Build target 'demo'
compiling tpm_cmd_handler.c...
linking...
Program Size: Code=28084 RO-data=112 RW-data=24 ZI-data=3900  
User command #1: fromelf.exe --bin -o ./demo.bin ./demo.axf
"demo.axf" - 0 Error(s), 0 Warning(s).
Build target 'demo'
compiling tpm_storage.c...
tpm\tpm_storage.c(588): warning:  #111-D: statement is unreachable
tpm\tpm_storage.c:     key_index = tpm_get_key(*inkeyHandle);
tpm\tpm_storage.c:     ^
tpm\tpm_storage.c: tpm\tpm_storage.c: 1 warning, 0 errors
linking...
Program Size: Code=27888 RO-data=112 RW-data=24 ZI-data=3900  
User command #1: fromelf.exe --bin -o ./demo.bin ./demo.axf
"demo.axf" - 0 Error(s), 1 Warning(s).
Build target 'demo'
compiling tpm_handles.c...
linking...
Program Size: Code=27888 RO-data=112 RW-data=24 ZI-data=3900  
User command #1: fromelf.exe --bin -o ./demo.bin ./demo.axf
"demo.axf" - 0 Error(s), 0 Warning(s).
Build target 'demo'
compiling tpm_storage.c...
linking...
Program Size: Code=28084 RO-data=112 RW-data=24 ZI-data=3900  
User command #1: fromelf.exe --bin -o ./demo.bin ./demo.axf
"demo.axf" - 0 Error(s), 0 Warning(s).
Build target 'demo'
compiling tpm_storage.c...
tpm\tpm_storage.c(598): warning:  #111-D: statement is unreachable
tpm\tpm_storage.c:       return TPM_FAIL;
tpm\tpm_storage.c:       ^
tpm\tpm_storage.c: tpm\tpm_storage.c: 1 warning, 0 errors
linking...
Program Size: Code=28096 RO-data=112 RW-data=24 ZI-data=3900  
User command #1: fromelf.exe --bin -o ./demo.bin ./demo.axf
"demo.axf" - 0 Error(s), 1 Warning(s).
Build target 'demo'
compiling tpm_storage.c...
tpm\tpm_storage.c(598): warning:  #111-D: statement is unreachable
tpm\tpm_storage.c:       return TPM_FAIL;
tpm\tpm_storage.c:       ^
tpm\tpm_storage.c(603): warning:  #111-D: statement is unreachable
tpm\tpm_storage.c:       return TPM_FAIL;
tpm\tpm_storage.c:       ^
tpm\tpm_storage.c(612): warning:  #111-D: statement is unreachable
tpm\tpm_storage.c:         return TPM_FAIL;
tpm\tpm_storage.c:         ^
tpm\tpm_storage.c: tpm\tpm_storage.c: 3 warnings, 0 errors
linking...
Program Size: Code=28108 RO-data=112 RW-data=24 ZI-data=3900  
User command #1: fromelf.exe --bin -o ./demo.bin ./demo.axf
"demo.axf" - 0 Error(s), 3 Warning(s).
Build target 'demo'
linking...
Program Size: Code=28108 RO-data=112 RW-data=24 ZI-data=3900  
User command #1: fromelf.exe --bin -o ./demo.bin ./demo.axf
"demo.axf" - 0 Error(s), 0 Warning(s).
Build target 'demo'
compiling tpm_storage.c...
tpm\tpm_storage.c(603): warning:  #111-D: statement is unreachable
tpm\tpm_storage.c:       return TPM_FAIL;
tpm\tpm_storage.c:       ^
tpm\tpm_storage.c(612): warning:  #111-D: statement is unreachable
tpm\tpm_storage.c:         return TPM_FAIL;
tpm\tpm_storage.c:         ^
tpm\tpm_storage.c: tpm\tpm_storage.c: 2 warnings, 0 errors
linking...
Program Size: Code=28108 RO-data=112 RW-data=24 ZI-data=3900  
User command #1: fromelf.exe --bin -o ./demo.bin ./demo.axf
"demo.axf" - 0 Error(s), 2 Warning(s).
Build target 'demo'
linking...
Program Size: Code=28108 RO-data=112 RW-data=24 ZI-data=3900  
User command #1: fromelf.exe --bin -o ./demo.bin ./demo.axf
"demo.axf" - 0 Error(s), 0 Warning(s).
Build target 'demo'
compiling tpm_storage.c...
tpm\tpm_storage.c(603): warning:  #111-D: statement is unreachable
tpm\tpm_storage.c:       return TPM_FAIL;
tpm\tpm_storage.c:       ^
tpm\tpm_storage.c(612): warning:  #111-D: statement is unreachable
tpm\tpm_storage.c:         return TPM_FAIL;
tpm\tpm_storage.c:         ^
tpm\tpm_storage.c: tpm\tpm_storage.c: 2 warnings, 0 errors
linking...
Program Size: Code=28120 RO-data=112 RW-data=24 ZI-data=3900  
User command #1: fromelf.exe --bin -o ./demo.bin ./demo.axf
"demo.axf" - 0 Error(s), 2 Warning(s).
Build target 'demo'
compiling tpm_storage.c...
tpm\tpm_storage.c(603): warning:  #111-D: statement is unreachable
tpm\tpm_storage.c:       return TPM_FAIL;
tpm\tpm_storage.c:       ^
tpm\tpm_storage.c(612): warning:  #111-D: statement is unreachable
tpm\tpm_storage.c:         return TPM_FAIL;
tpm\tpm_storage.c:         ^
tpm\tpm_storage.c: tpm\tpm_storage.c: 2 warnings, 0 errors
linking...
Program Size: Code=28120 RO-data=112 RW-data=24 ZI-data=3900  
User command #1: fromelf.exe --bin -o ./demo.bin ./demo.axf
"demo.axf" - 0 Error(s), 2 Warning(s).
Build target 'demo'
compiling tpm_storage.c...
linking...
Program Size: Code=28096 RO-data=112 RW-data=24 ZI-data=3900  
User command #1: fromelf.exe --bin -o ./demo.bin ./demo.axf
"demo.axf" - 0 Error(s), 0 Warning(s).
Build target 'demo'
compiling tpm_storage.c...
linking...
Program Size: Code=28096 RO-data=112 RW-data=24 ZI-data=3900  
User command #1: fromelf.exe --bin -o ./demo.bin ./demo.axf
"demo.axf" - 0 Error(s), 0 Warning(s).
Build target 'demo'
compiling tpm_storage.c...
tpm\tpm_storage.c(599): warning:  #111-D: statement is unreachable
tpm\tpm_storage.c:       return TPM_FAIL;
tpm\tpm_storage.c:       ^
tpm\tpm_storage.c(604): warning:  #111-D: statement is unreachable
tpm\tpm_storage.c:       return TPM_FAIL;
tpm\tpm_storage.c:       ^
tpm\tpm_storage.c(613): warning:  #111-D: statement is unreachable
tpm\tpm_storage.c:         return TPM_FAIL;
tpm\tpm_storage.c:         ^
tpm\tpm_storage.c: tpm\tpm_storage.c: 3 warnings, 0 errors
linking...
Program Size: Code=28120 RO-data=112 RW-data=24 ZI-data=3900  
User command #1: fromelf.exe --bin -o ./demo.bin ./demo.axf
"demo.axf" - 0 Error(s), 3 Warning(s).
Build target 'demo'
compiling tpm_storage.c...
tpm\tpm_storage.c(591): warning:  #111-D: statement is unreachable
tpm\tpm_storage.c:     if (key_index == -1) {
tpm\tpm_storage.c:     ^
tpm\tpm_storage.c(605): warning:  #111-D: statement is unreachable
tpm\tpm_storage.c:       return TPM_FAIL;
tpm\tpm_storage.c:       ^
tpm\tpm_storage.c(614): warning:  #111-D: statement is unreachable
tpm\tpm_storage.c:         return TPM_FAIL;
tpm\tpm_storage.c:         ^
tpm\tpm_storage.c: tpm\tpm_storage.c: 3 warnings, 0 errors
linking...
Program Size: Code=27904 RO-data=112 RW-data=24 ZI-data=3900  
User command #1: fromelf.exe --bin -o ./demo.bin ./demo.axf
"demo.axf" - 0 Error(s), 3 Warning(s).
Build target 'demo'
compiling tpm_storage.c...
tpm\tpm_storage.c(606): warning:  #111-D: statement is unreachable
tpm\tpm_storage.c:       return TPM_FAIL;
tpm\tpm_storage.c:       ^
tpm\tpm_storage.c(615): warning:  #111-D: statement is unreachable
tpm\tpm_storage.c:         return TPM_FAIL;
tpm\tpm_storage.c:         ^
tpm\tpm_storage.c: tpm\tpm_storage.c: 2 warnings, 0 errors
linking...
Program Size: Code=28092 RO-data=112 RW-data=24 ZI-data=3900  
User command #1: fromelf.exe --bin -o ./demo.bin ./demo.axf
"demo.axf" - 0 Error(s), 2 Warning(s).
Build target 'demo'
compiling tpm_storage.c...
tpm\tpm_storage.c(606): warning:  #111-D: statement is unreachable
tpm\tpm_storage.c:       return TPM_FAIL;
tpm\tpm_storage.c:       ^
tpm\tpm_storage.c(615): warning:  #111-D: statement is unreachable
tpm\tpm_storage.c:         return TPM_FAIL;
tpm\tpm_storage.c:         ^
tpm\tpm_storage.c: tpm\tpm_storage.c: 2 warnings, 0 errors
linking...
Program Size: Code=28092 RO-data=112 RW-data=24 ZI-data=3900  
User command #1: fromelf.exe --bin -o ./demo.bin ./demo.axf
"demo.axf" - 0 Error(s), 2 Warning(s).
Build target 'demo'
compiling tpm_storage.c...
tpm\tpm_storage.c(604): warning:  #111-D: statement is unreachable
tpm\tpm_storage.c:     if (tpm_rsa_import_key(&key, &store.privKey, &inKey->pubKey)) {
tpm\tpm_storage.c:     ^
tpm\tpm_storage.c(607): warning:  #111-D: statement is unreachable
tpm\tpm_storage.c:       return TPM_FAIL;
tpm\tpm_storage.c:       ^
tpm\tpm_storage.c(616): warning:  #111-D: statement is unreachable
tpm\tpm_storage.c:         return TPM_FAIL;
tpm\tpm_storage.c:         ^
tpm\tpm_storage.c: tpm\tpm_storage.c: 3 warnings, 0 errors
linking...
Program Size: Code=27952 RO-data=112 RW-data=24 ZI-data=3900  
User command #1: fromelf.exe --bin -o ./demo.bin ./demo.axf
"demo.axf" - 0 Error(s), 3 Warning(s).
Build target 'demo'
compiling tpm_data.c...
compiling tpm_storage.c...
tpm\tpm_storage.c(555): warning:  #177-D: variable "tpmProof" was declared but never referenced
tpm\tpm_storage.c:     TPM_NONCE tpmProof;
tpm\tpm_storage.c:               ^
tpm\tpm_storage.c(130): warning:  #177-D: function "tpm_verify_key_digest" was declared but never referenced
tpm\tpm_storage.c:   static int tpm_verify_key_digest(TPM_KEY *key, TPM_DIGEST *digest)
tpm\tpm_storage.c:              ^
tpm\tpm_storage.c: tpm\tpm_storage.c: 2 warnings, 0 errors
linking...
Program Size: Code=27976 RO-data=112 RW-data=24 ZI-data=3900  
User command #1: fromelf.exe --bin -o ./demo.bin ./demo.axf
"demo.axf" - 0 Error(s), 2 Warning(s).
Build target 'demo'
compiling tpm_storage.c...
tpm\tpm_storage.c(555): warning:  #177-D: variable "tpmProof" was declared but never referenced
tpm\tpm_storage.c:     TPM_NONCE tpmProof;
tpm\tpm_storage.c:               ^
tpm\tpm_storage.c(130): warning:  #177-D: function "tpm_verify_key_digest" was declared but never referenced
tpm\tpm_storage.c:   static int tpm_verify_key_digest(TPM_KEY *key, TPM_DIGEST *digest)
tpm\tpm_storage.c:              ^
tpm\tpm_storage.c: tpm\tpm_storage.c: 2 warnings, 0 errors
linking...
Program Size: Code=27976 RO-data=112 RW-data=24 ZI-data=3900  
User command #1: fromelf.exe --bin -o ./demo.bin ./demo.axf
"demo.axf" - 0 Error(s), 2 Warning(s).
Build target 'demo'
compiling tpm_storage.c...
tpm\tpm_storage.c(555): warning:  #177-D: variable "tpmProof" was declared but never referenced
tpm\tpm_storage.c:     TPM_NONCE tpmProof;
tpm\tpm_storage.c:               ^
tpm\tpm_storage.c(130): warning:  #177-D: function "tpm_verify_key_digest" was declared but never referenced
tpm\tpm_storage.c:   static int tpm_verify_key_digest(TPM_KEY *key, TPM_DIGEST *digest)
tpm\tpm_storage.c:              ^
tpm\tpm_storage.c: tpm\tpm_storage.c: 2 warnings, 0 errors
linking...
Program Size: Code=27976 RO-data=112 RW-data=24 ZI-data=3900  
User command #1: fromelf.exe --bin -o ./demo.bin ./demo.axf
"demo.axf" - 0 Error(s), 2 Warning(s).
Build target 'demo'
compiling tpm_storage.c...
tpm\tpm_storage.c(555): warning:  #177-D: variable "tpmProof" was declared but never referenced
tpm\tpm_storage.c:     TPM_NONCE tpmProof;
tpm\tpm_storage.c:               ^
tpm\tpm_storage.c(130): warning:  #177-D: function "tpm_verify_key_digest" was declared but never referenced
tpm\tpm_storage.c:   static int tpm_verify_key_digest(TPM_KEY *key, TPM_DIGEST *digest)
tpm\tpm_storage.c:              ^
tpm\tpm_storage.c: tpm\tpm_storage.c: 2 warnings, 0 errors
linking...
Program Size: Code=27964 RO-data=112 RW-data=24 ZI-data=3900  
User command #1: fromelf.exe --bin -o ./demo.bin ./demo.axf
"demo.axf" - 0 Error(s), 2 Warning(s).
Build target 'demo'
compiling tpm_storage.c...
tpm\tpm_storage.c(555): warning:  #177-D: variable "tpmProof" was declared but never referenced
tpm\tpm_storage.c:     TPM_NONCE tpmProof;
tpm\tpm_storage.c:               ^
tpm\tpm_storage.c(130): warning:  #177-D: function "tpm_verify_key_digest" was declared but never referenced
tpm\tpm_storage.c:   static int tpm_verify_key_digest(TPM_KEY *key, TPM_DIGEST *digest)
tpm\tpm_storage.c:              ^
tpm\tpm_storage.c: tpm\tpm_storage.c: 2 warnings, 0 errors
linking...
Program Size: Code=27964 RO-data=112 RW-data=24 ZI-data=3900  
User command #1: fromelf.exe --bin -o ./demo.bin ./demo.axf
"demo.axf" - 0 Error(s), 2 Warning(s).
Build target 'demo'
compiling tpm_storage.c...
tpm\tpm_storage.c(555): warning:  #177-D: variable "tpmProof" was declared but never referenced
tpm\tpm_storage.c:     TPM_NONCE tpmProof;
tpm\tpm_storage.c:               ^
tpm\tpm_storage.c(130): warning:  #177-D: function "tpm_verify_key_digest" was declared but never referenced
tpm\tpm_storage.c:   static int tpm_verify_key_digest(TPM_KEY *key, TPM_DIGEST *digest)
tpm\tpm_storage.c:              ^
tpm\tpm_storage.c: tpm\tpm_storage.c: 2 warnings, 0 errors
linking...
Program Size: Code=27904 RO-data=112 RW-data=24 ZI-data=3900  
User command #1: fromelf.exe --bin -o ./demo.bin ./demo.axf
"demo.axf" - 0 Error(s), 2 Warning(s).
Build target 'demo'
compiling tpm_storage.c...
tpm\tpm_storage.c(555): warning:  #177-D: variable "tpmProof" was declared but never referenced
tpm\tpm_storage.c:     TPM_NONCE tpmProof;
tpm\tpm_storage.c:               ^
tpm\tpm_storage.c(130): warning:  #177-D: function "tpm_verify_key_digest" was declared but never referenced
tpm\tpm_storage.c:   static int tpm_verify_key_digest(TPM_KEY *key, TPM_DIGEST *digest)
tpm\tpm_storage.c:              ^
tpm\tpm_storage.c: tpm\tpm_storage.c: 2 warnings, 0 errors
linking...
Program Size: Code=27904 RO-data=112 RW-data=24 ZI-data=3900  
User command #1: fromelf.exe --bin -o ./demo.bin ./demo.axf
"demo.axf" - 0 Error(s), 2 Warning(s).
Build target 'demo'
compiling tpm_data.c...
linking...
Program Size: Code=27904 RO-data=112 RW-data=24 ZI-data=3900  
User command #1: fromelf.exe --bin -o ./demo.bin ./demo.axf
"demo.axf" - 0 Error(s), 0 Warning(s).
Build target 'demo'
compiling tpm_storage.c...
linking...
Program Size: Code=28096 RO-data=112 RW-data=24 ZI-data=3900  
User command #1: fromelf.exe --bin -o ./demo.bin ./demo.axf
"demo.axf" - 0 Error(s), 0 Warning(s).
Build target 'demo'
compiling tpm_cmd_handler.c...
linking...
Program Size: Code=28100 RO-data=112 RW-data=24 ZI-data=3900  
User command #1: fromelf.exe --bin -o ./demo.bin ./demo.axf
"demo.axf" - 0 Error(s), 0 Warning(s).
Clean started: Project: 'demo'
   deleting intermediate output files for target 'demo'
Build target 'demo'
assembling startup.s...
compiling main.c...
compiling system.c...
system.c(4): warning:  #1-D: last line of file ends without a newline
system.c:   unsigned char InOutBuf[0x400];
system.c:                                 ^
system.c: system.c: 1 warning, 0 errors
compiling extend.c...
compiling tpm_cmd_handler.c...
compiling tpm_startup.c...
compiling tpm_data.c...
compiling tpm_handles.c...
compiling tpm_marshalling.c...
tpm\tpm_marshalling.c(587): warning:  #187-D: use of "=" where "==" may have been intended
tpm\tpm_marshalling.c:         || (!(v->migrationAuthoritySize = 0) && v->tag == TPM_TAG_CERTIFY_INFO2
tpm\tpm_marshalling.c:              ^
tpm\tpm_marshalling.c: tpm\tpm_marshalling.c: 1 warning, 0 errors
compiling tpm_authorization.c...
compiling tpm_context.c...
compiling tpm_eviction.c...
compiling tpm_owner.c...
tpm\tpm_owner.c(113): warning:  #177-D: variable "symKey" was declared but never referenced
tpm\tpm_owner.c:     BYTE symKey[TPM_SYM_KEY_SIZE];
tpm\tpm_owner.c:          ^
tpm\tpm_owner.c(117): warning:  #177-D: variable "debug_type" was declared but never referenced
tpm\tpm_owner.c:     BYTE debug_type;
tpm\tpm_owner.c:          ^
tpm\tpm_owner.c: tpm\tpm_owner.c: 2 warnings, 0 errors
compiling tpm_storage.c...
compiling hmac.c...
compiling sha1.c...
linking...
Program Size: Code=28100 RO-data=112 RW-data=24 ZI-data=3900  
User command #1: fromelf.exe --bin -o ./demo.bin ./demo.axf
"demo.axf" - 0 Error(s), 4 Warning(s).
Build target 'demo'
compiling tpm_cmd_handler.c...
linking...
Program Size: Code=28096 RO-data=112 RW-data=24 ZI-data=3900  
User command #1: fromelf.exe --bin -o ./demo.bin ./demo.axf
"demo.axf" - 0 Error(s), 0 Warning(s).
Build target 'demo'
compiling tpm_data.c...
linking...
Program Size: Code=28096 RO-data=112 RW-data=24 ZI-data=3900  
User command #1: fromelf.exe --bin -o ./demo.bin ./demo.axf
"demo.axf" - 0 Error(s), 0 Warning(s).
Build target 'demo'
compiling tpm_data.c...
linking...
Program Size: Code=28088 RO-data=112 RW-data=24 ZI-data=3900  
User command #1: fromelf.exe --bin -o ./demo.bin ./demo.axf
"demo.axf" - 0 Error(s), 0 Warning(s).
Build target 'demo'
compiling tpm_storage.c...
tpm\tpm_storage.c(416): warning:  #111-D: statement is unreachable
tpm\tpm_storage.c:       return TPM_DECRYPT_ERROR;
tpm\tpm_storage.c:       ^
tpm\tpm_storage.c(425): warning:  #111-D: statement is unreachable
tpm\tpm_storage.c:         return TPM_DECRYPT_ERROR;
tpm\tpm_storage.c:         ^
tpm\tpm_storage.c: tpm\tpm_storage.c: 2 warnings, 0 errors
linking...
Program Size: Code=28096 RO-data=112 RW-data=24 ZI-data=3900  
User command #1: fromelf.exe --bin -o ./demo.bin ./demo.axf
"demo.axf" - 0 Error(s), 2 Warning(s).
Build target 'demo'
compiling tpm_storage.c...
linking...
Program Size: Code=27968 RO-data=112 RW-data=24 ZI-data=3900  
User command #1: fromelf.exe --bin -o ./demo.bin ./demo.axf
"demo.axf" - 0 Error(s), 0 Warning(s).
Build target 'demo'
linking...
Program Size: Code=27968 RO-data=112 RW-data=24 ZI-data=3900  
User command #1: fromelf.exe --bin -o ./demo.bin ./demo.axf
"demo.axf" - 0 Error(s), 0 Warning(s).
Build target 'demo'
compiling tpm_storage.c...
tpm\tpm_storage.c(416): warning:  #111-D: statement is unreachable
tpm\tpm_storage.c:       return TPM_DECRYPT_ERROR;
tpm\tpm_storage.c:       ^
tpm\tpm_storage.c(425): warning:  #111-D: statement is unreachable
tpm\tpm_storage.c:         return TPM_DECRYPT_ERROR;
tpm\tpm_storage.c:         ^
tpm\tpm_storage.c: tpm\tpm_storage.c: 2 warnings, 0 errors
linking...
Program Size: Code=28096 RO-data=112 RW-data=24 ZI-data=3900  
User command #1: fromelf.exe --bin -o ./demo.bin ./demo.axf
"demo.axf" - 0 Error(s), 2 Warning(s).
Build target 'demo'
compiling tpm_storage.c...
tpm\tpm_storage.c(416): warning:  #111-D: statement is unreachable
tpm\tpm_storage.c:       return TPM_DECRYPT_ERROR;
tpm\tpm_storage.c:       ^
tpm\tpm_storage.c: tpm\tpm_storage.c: 1 warning, 0 errors
linking...
Program Size: Code=27968 RO-data=112 RW-data=24 ZI-data=3900  
User command #1: fromelf.exe --bin -o ./demo.bin ./demo.axf
"demo.axf" - 0 Error(s), 1 Warning(s).
Build target 'demo'
compiling tpm_cmd_handler.c...
linking...
Program Size: Code=27968 RO-data=112 RW-data=24 ZI-data=3900  
User command #1: fromelf.exe --bin -o ./demo.bin ./demo.axf
"demo.axf" - 0 Error(s), 0 Warning(s).
Build target 'demo'
linking...
Program Size: Code=27968 RO-data=112 RW-data=24 ZI-data=3900  
User command #1: fromelf.exe --bin -o ./demo.bin ./demo.axf
"demo.axf" - 0 Error(s), 0 Warning(s).
Build target 'demo'
linking...
Program Size: Code=27968 RO-data=112 RW-data=24 ZI-data=3900  
User command #1: fromelf.exe --bin -o ./demo.bin ./demo.axf
"demo.axf" - 0 Error(s), 0 Warning(s).
Clean started: Project: 'demo'
   deleting intermediate output files for target 'demo'
Build target 'demo'
assembling startup.s...
compiling main.c...
compiling system.c...
system.c(4): warning:  #1-D: last line of file ends without a newline
system.c:   unsigned char InOutBuf[0x400];
system.c:                                 ^
system.c: system.c: 1 warning, 0 errors
compiling extend.c...
compiling tpm_cmd_handler.c...
compiling tpm_startup.c...
compiling tpm_data.c...
compiling tpm_handles.c...
compiling tpm_marshalling.c...
tpm\tpm_marshalling.c(587): warning:  #187-D: use of "=" where "==" may have been intended
tpm\tpm_marshalling.c:         || (!(v->migrationAuthoritySize = 0) && v->tag == TPM_TAG_CERTIFY_INFO2
tpm\tpm_marshalling.c:              ^
tpm\tpm_marshalling.c: tpm\tpm_marshalling.c: 1 warning, 0 errors
compiling tpm_authorization.c...
compiling tpm_context.c...
compiling tpm_eviction.c...
compiling tpm_owner.c...
tpm\tpm_owner.c(113): warning:  #177-D: variable "symKey" was declared but never referenced
tpm\tpm_owner.c:     BYTE symKey[TPM_SYM_KEY_SIZE];
tpm\tpm_owner.c:          ^
tpm\tpm_owner.c(117): warning:  #177-D: variable "debug_type" was declared but never referenced
tpm\tpm_owner.c:     BYTE debug_type;
tpm\tpm_owner.c:          ^
tpm\tpm_owner.c: tpm\tpm_owner.c: 2 warnings, 0 errors
compiling tpm_storage.c...
tpm\tpm_storage.c(416): warning:  #111-D: statement is unreachable
tpm\tpm_storage.c:       return TPM_DECRYPT_ERROR;
tpm\tpm_storage.c:       ^
tpm\tpm_storage.c: tpm\tpm_storage.c: 1 warning, 0 errors
compiling hmac.c...
compiling sha1.c...
linking...
Program Size: Code=27968 RO-data=112 RW-data=24 ZI-data=3900  
User command #1: fromelf.exe --bin -o ./demo.bin ./demo.axf
"demo.axf" - 0 Error(s), 5 Warning(s).
Build target 'demo'
compiling tpm_storage.c...
tpm\tpm_storage.c(416): warning:  #111-D: statement is unreachable
tpm\tpm_storage.c:       return TPM_DECRYPT_ERROR;
tpm\tpm_storage.c:       ^
tpm\tpm_storage.c(433): warning:  #111-D: statement is unreachable
tpm\tpm_storage.c:     return TPM_SUCCESS;
tpm\tpm_storage.c:     ^
tpm\tpm_storage.c: tpm\tpm_storage.c: 2 warnings, 0 errors
linking...
Program Size: Code=27964 RO-data=112 RW-data=24 ZI-data=3900  
User command #1: fromelf.exe --bin -o ./demo.bin ./demo.axf
"demo.axf" - 0 Error(s), 2 Warning(s).
Build target 'demo'
compiling tpm_storage.c...
tpm\tpm_storage.c(418): warning:  #111-D: statement is unreachable
tpm\tpm_storage.c:       return TPM_DECRYPT_ERROR;
tpm\tpm_storage.c:       ^
tpm\tpm_storage.c(435): warning:  #111-D: statement is unreachable
tpm\tpm_storage.c:     return TPM_SUCCESS;
tpm\tpm_storage.c:     ^
tpm\tpm_storage.c: tpm\tpm_storage.c: 2 warnings, 0 errors
linking...
Program Size: Code=27972 RO-data=112 RW-data=24 ZI-data=3900  
User command #1: fromelf.exe --bin -o ./demo.bin ./demo.axf
"demo.axf" - 0 Error(s), 2 Warning(s).
Build target 'demo'
compiling tpm_storage.c...
tpm\tpm_storage.c(422): warning:  #111-D: statement is unreachable
tpm\tpm_storage.c:     if (key.encScheme == TPM_ES_RSAESOAEP_SHA1_MGF1 
tpm\tpm_storage.c:     ^
tpm\tpm_storage.c(427): warning:  #111-D: statement is unreachable
tpm\tpm_storage.c:         return TPM_DECRYPT_ERROR;
tpm\tpm_storage.c:         ^
tpm\tpm_storage.c: tpm\tpm_storage.c: 2 warnings, 0 errors
linking...
Program Size: Code=27972 RO-data=112 RW-data=24 ZI-data=3900  
User command #1: fromelf.exe --bin -o ./demo.bin ./demo.axf
"demo.axf" - 0 Error(s), 2 Warning(s).
Build target 'demo'
compiling tpm_storage.c...
tpm\tpm_storage.c(426): warning:  #111-D: statement is unreachable
tpm\tpm_storage.c:         return TPM_DECRYPT_ERROR;
tpm\tpm_storage.c:         ^
tpm\tpm_storage.c: tpm\tpm_storage.c: 1 warning, 0 errors
linking...
Program Size: Code=28100 RO-data=112 RW-data=24 ZI-data=3900  
User command #1: fromelf.exe --bin -o ./demo.bin ./demo.axf
"demo.axf" - 0 Error(s), 1 Warning(s).
Build target 'demo'
compiling tpm_storage.c...
linking...
Program Size: Code=27976 RO-data=112 RW-data=24 ZI-data=3900  
User command #1: fromelf.exe --bin -o ./demo.bin ./demo.axf
"demo.axf" - 0 Error(s), 0 Warning(s).
Build target 'demo'
compiling tpm_storage.c...
linking...
Program Size: Code=28096 RO-data=112 RW-data=24 ZI-data=3900  
User command #1: fromelf.exe --bin -o ./demo.bin ./demo.axf
"demo.axf" - 0 Error(s), 0 Warning(s).
Build target 'demo'
compiling tpm_storage.c...
linking...
Program Size: Code=28100 RO-data=112 RW-data=24 ZI-data=3900  
User command #1: fromelf.exe --bin -o ./demo.bin ./demo.axf
"demo.axf" - 0 Error(s), 0 Warning(s).
