<html>
<body>
<pre>
<h1>µVision Build Log</h1>
<h2>Project:</h2>
F:\demo-ukey-arm\demo.uvproj
Project File Date:  12/03/2014

<h2>Output:</h2>
Build target 'demo'
compiling main.c...
compiling tpm_cmd_handler.c...
compiling tpm_startup.c...
compiling tpm_data.c...
compiling tpm_handles.c...
compiling tpm_marshalling.c...
tpm\tpm_marshalling.c(587): warning:  #187-D: use of "=" where "==" may have been intended
tpm\tpm_marshalling.c:         || (!(v->migrationAuthoritySize = 0) && v->tag == TPM_TAG_CERTIFY_INFO2
tpm\tpm_marshalling.c:              ^
tpm\tpm_marshalling.c: tpm\tpm_marshalling.c: 1 warning, 0 errors
compiling tpm_authorization.c...
compiling tpm_context.c...
compiling tpm_eviction.c...
compiling tpm_owner.c...
tpm\tpm_owner.c(43): warning:  #177-D: variable "symKey" was declared but never referenced
tpm\tpm_owner.c:     BYTE symKey[TPM_SYM_KEY_SIZE];
tpm\tpm_owner.c:          ^
tpm\tpm_owner.c(47): warning:  #177-D: variable "debug_type" was declared but never referenced
tpm\tpm_owner.c:     BYTE debug_type;
tpm\tpm_owner.c:          ^
tpm\tpm_owner.c: tpm\tpm_owner.c: 2 warnings, 0 errors
compiling tpm_storage.c...
compiling tpm_crypto.c...
tpm\tpm_crypto.c(280): warning:  #177-D: variable "locality" was declared but never referenced
tpm\tpm_crypto.c:     TPM_MODIFIER_INDICATOR locality;
tpm\tpm_crypto.c:                            ^
tpm\tpm_crypto.c: tpm\tpm_crypto.c: 1 warning, 0 errors
compiling tpm_identity.c...
compiling tpm_integrity.c...
linking...
Program Size: Code=31192 RO-data=112 RW-data=24 ZI-data=3900  
User command #1: fromelf.exe --bin -o ./demo.bin ./demo.axf
"demo.axf" - 0 Error(s), 4 Warning(s).
